../Core/Src/SM.c:40:6:SM_Handle	8	static
../Core/Src/SM.c:60:13:SM_ChangeState	16	static
../Core/Src/SM.c:71:13:SM_InitializeFunction	8	static
../Core/Src/SM.c:88:13:SM_RunningFunction	16	static,ignoring_inline_asm
../Core/Src/SM.c:141:13:SM_WaitForSendFunction	8	static
../Core/Src/SM.c:158:13:SM_SleepFunction	8	static
../Core/Src/SM.c:169:13:SM_FillPayloadFunction	16	static
../Core/Src/SM.c:227:6:RFP_CommadTestFunction	24	static
../Core/Src/SM.c:231:6:RFP_CommandStartMeasurmentFunction	24	static
../Core/Src/SM.c:235:6:MAX_DataFunction	24	static
../Core/Src/SM.c:239:6:HAL_UARTEx_RxEventCallback	16	static
