../Core/Src/SM.c:37:6:SM_Handle	8	static
../Core/Src/SM.c:57:13:SM_ChangeState	16	static
../Core/Src/SM.c:68:13:SM_InitializeFunction	16	static
../Core/Src/SM.c:87:13:SM_RunningFunction	8	static
../Core/Src/SM.c:105:13:SM_WaitForMeasurmentFunction	16	static
../Core/Src/SM.c:115:13:SM_SleepFunction	8	static
../Core/Src/SM.c:119:6:RFP_CommadTestFunction	24	static
../Core/Src/SM.c:123:6:RFP_CommandStartMeasurmentFunction	24	static
../Core/Src/SM.c:127:6:MAX_DataFunction	24	static
../Core/Src/SM.c:131:6:HAL_UARTEx_RxEventCallback	16	static
