../Core/Src/Switch.c:29:6:Switch_Handle	8	static
../Core/Src/Switch.c:37:13:SW_ChangeState	16	static
../Core/Src/Switch.c:50:13:SW_InitializeFunction	8	static
../Core/Src/Switch.c:54:13:SW_IdleFunction	8	static
../Core/Src/Switch.c:58:13:SW_DebounceFunction	8	static
../Core/Src/Switch.c:62:13:SW_TickFunction	8	static
../Core/Src/Switch.c:66:13:SW_PressFunction	8	static
../Core/Src/Switch.c:70:13:SW_ConfirmFunction	8	static
../Core/Src/Switch.c:74:13:SW_ReleaseFunction	8	static
../Core/Src/Switch.c:78:6:SW_Init	16	static
