Archive member included to satisfy reference by file (symbol)

c:/st/stm32cubeide_1.7.0/stm32cubeide/plugins/com.st.stm32cube.ide.mcu.externaltools.gnu-tools-for-stm32.10.3-2021.10.win32_1.0.0.202111181127/tools/bin/../lib/gcc/arm-none-eabi/10.3.1/../../../../arm-none-eabi/lib/thumb/v6-m/nofp\libc.a(lib_a-errno.o)
                              ./Core/Src/syscalls.o (__errno)
c:/st/stm32cubeide_1.7.0/stm32cubeide/plugins/com.st.stm32cube.ide.mcu.externaltools.gnu-tools-for-stm32.10.3-2021.10.win32_1.0.0.202111181127/tools/bin/../lib/gcc/arm-none-eabi/10.3.1/../../../../arm-none-eabi/lib/thumb/v6-m/nofp\libc.a(lib_a-exit.o)
                              c:/st/stm32cubeide_1.7.0/stm32cubeide/plugins/com.st.stm32cube.ide.mcu.externaltools.gnu-tools-for-stm32.10.3-2021.10.win32_1.0.0.202111181127/tools/bin/../lib/gcc/arm-none-eabi/10.3.1/../../../../arm-none-eabi/lib/thumb/v6-m/nofp/crt0.o (exit)
c:/st/stm32cubeide_1.7.0/stm32cubeide/plugins/com.st.stm32cube.ide.mcu.externaltools.gnu-tools-for-stm32.10.3-2021.10.win32_1.0.0.202111181127/tools/bin/../lib/gcc/arm-none-eabi/10.3.1/../../../../arm-none-eabi/lib/thumb/v6-m/nofp\libc.a(lib_a-impure.o)
                              c:/st/stm32cubeide_1.7.0/stm32cubeide/plugins/com.st.stm32cube.ide.mcu.externaltools.gnu-tools-for-stm32.10.3-2021.10.win32_1.0.0.202111181127/tools/bin/../lib/gcc/arm-none-eabi/10.3.1/../../../../arm-none-eabi/lib/thumb/v6-m/nofp\libc.a(lib_a-exit.o) (_global_impure_ptr)
c:/st/stm32cubeide_1.7.0/stm32cubeide/plugins/com.st.stm32cube.ide.mcu.externaltools.gnu-tools-for-stm32.10.3-2021.10.win32_1.0.0.202111181127/tools/bin/../lib/gcc/arm-none-eabi/10.3.1/../../../../arm-none-eabi/lib/thumb/v6-m/nofp\libc.a(lib_a-init.o)
                              c:/st/stm32cubeide_1.7.0/stm32cubeide/plugins/com.st.stm32cube.ide.mcu.externaltools.gnu-tools-for-stm32.10.3-2021.10.win32_1.0.0.202111181127/tools/bin/../lib/gcc/arm-none-eabi/10.3.1/../../../../arm-none-eabi/lib/thumb/v6-m/nofp/crt0.o (__libc_init_array)
c:/st/stm32cubeide_1.7.0/stm32cubeide/plugins/com.st.stm32cube.ide.mcu.externaltools.gnu-tools-for-stm32.10.3-2021.10.win32_1.0.0.202111181127/tools/bin/../lib/gcc/arm-none-eabi/10.3.1/../../../../arm-none-eabi/lib/thumb/v6-m/nofp\libc.a(lib_a-memset.o)
                              c:/st/stm32cubeide_1.7.0/stm32cubeide/plugins/com.st.stm32cube.ide.mcu.externaltools.gnu-tools-for-stm32.10.3-2021.10.win32_1.0.0.202111181127/tools/bin/../lib/gcc/arm-none-eabi/10.3.1/../../../../arm-none-eabi/lib/thumb/v6-m/nofp/crt0.o (memset)
c:/st/stm32cubeide_1.7.0/stm32cubeide/plugins/com.st.stm32cube.ide.mcu.externaltools.gnu-tools-for-stm32.10.3-2021.10.win32_1.0.0.202111181127/tools/bin/../lib/gcc/arm-none-eabi/10.3.1/../../../../arm-none-eabi/lib/thumb/v6-m/nofp\libc.a(lib_a-__call_atexit.o)
                              c:/st/stm32cubeide_1.7.0/stm32cubeide/plugins/com.st.stm32cube.ide.mcu.externaltools.gnu-tools-for-stm32.10.3-2021.10.win32_1.0.0.202111181127/tools/bin/../lib/gcc/arm-none-eabi/10.3.1/../../../../arm-none-eabi/lib/thumb/v6-m/nofp\libc.a(lib_a-exit.o) (__call_exitprocs)
c:/st/stm32cubeide_1.7.0/stm32cubeide/plugins/com.st.stm32cube.ide.mcu.externaltools.gnu-tools-for-stm32.10.3-2021.10.win32_1.0.0.202111181127/tools/bin/../lib/gcc/arm-none-eabi/10.3.1/../../../../arm-none-eabi/lib/thumb/v6-m/nofp\libc.a(lib_a-atexit.o)
                              c:/st/stm32cubeide_1.7.0/stm32cubeide/plugins/com.st.stm32cube.ide.mcu.externaltools.gnu-tools-for-stm32.10.3-2021.10.win32_1.0.0.202111181127/tools/bin/../lib/gcc/arm-none-eabi/10.3.1/../../../../arm-none-eabi/lib/thumb/v6-m/nofp\libc.a(lib_a-__call_atexit.o) (atexit)
c:/st/stm32cubeide_1.7.0/stm32cubeide/plugins/com.st.stm32cube.ide.mcu.externaltools.gnu-tools-for-stm32.10.3-2021.10.win32_1.0.0.202111181127/tools/bin/../lib/gcc/arm-none-eabi/10.3.1/../../../../arm-none-eabi/lib/thumb/v6-m/nofp\libc.a(lib_a-fini.o)
                              c:/st/stm32cubeide_1.7.0/stm32cubeide/plugins/com.st.stm32cube.ide.mcu.externaltools.gnu-tools-for-stm32.10.3-2021.10.win32_1.0.0.202111181127/tools/bin/../lib/gcc/arm-none-eabi/10.3.1/../../../../arm-none-eabi/lib/thumb/v6-m/nofp\libc.a(lib_a-__call_atexit.o) (__libc_fini_array)
c:/st/stm32cubeide_1.7.0/stm32cubeide/plugins/com.st.stm32cube.ide.mcu.externaltools.gnu-tools-for-stm32.10.3-2021.10.win32_1.0.0.202111181127/tools/bin/../lib/gcc/arm-none-eabi/10.3.1/../../../../arm-none-eabi/lib/thumb/v6-m/nofp\libc.a(lib_a-lock.o)
                              c:/st/stm32cubeide_1.7.0/stm32cubeide/plugins/com.st.stm32cube.ide.mcu.externaltools.gnu-tools-for-stm32.10.3-2021.10.win32_1.0.0.202111181127/tools/bin/../lib/gcc/arm-none-eabi/10.3.1/../../../../arm-none-eabi/lib/thumb/v6-m/nofp\libc.a(lib_a-__call_atexit.o) (__retarget_lock_acquire_recursive)
[...]
Memory Configuration

Name             Origin             Length             Attributes
RAM              0x0000000020000000 0x0000000000004800 xrw
FLASH            0x0000000008000000 0x0000000000010000 xr
*default*        0x0000000000000000 0xffffffffffffffff

Linker script and memory map

LOAD c:/st/stm32cubeide_1.7.0/stm32cubeide/plugins/com.st.stm32cube.ide.mcu.externaltools.gnu-tools-for-stm32.10.3-2021.10.win32_1.0.0.202111181127/tools/bin/../lib/gcc/arm-none-eabi/10.3.1/thumb/v6-m/nofp/crti.o
LOAD c:/st/stm32cubeide_1.7.0/stm32cubeide/plugins/com.st.stm32cube.ide.mcu.externaltools.gnu-tools-for-stm32.10.3-2021.10.win32_1.0.0.202111181127/tools/bin/../lib/gcc/arm-none-eabi/10.3.1/thumb/v6-m/nofp/crtbegin.o
LOAD c:/st/stm32cubeide_1.7.0/stm32cubeide/plugins/com.st.stm32cube.ide.mcu.externaltools.gnu-tools-for-stm32.10.3-2021.10.win32_1.0.0.202111181127/tools/bin/../lib/gcc/arm-none-eabi/10.3.1/../../../../arm-none-eabi/lib/thumb/v6-m/nofp/crt0.o
LOAD ./Core/Src/BSensor.o
LOAD ./Core/Src/HC12.o
LOAD ./Core/Src/SM.o
LOAD ./Core/Src/Switch.o
LOAD ./Core/Src/adc.o
LOAD ./Core/Src/crc.o
LOAD ./Core/Src/dma.o
LOAD ./Core/Src/gpio.o
LOAD ./Core/Src/i2c.o
LOAD ./Core/Src/main.o
LOAD ./Core/Src/rfp.o
LOAD ./Core/Src/stm32g0xx_hal_msp.o
LOAD ./Core/Src/stm32g0xx_it.o
LOAD ./Core/Src/syscalls.o
LOAD ./Core/Src/sysmem.o
LOAD ./Core/Src/system_stm32g0xx.o
LOAD ./Core/Src/usart.o
LOAD ./Core/Startup/startup_stm32g051k8tx.o
LOAD ./Drivers/STM32G0xx_HAL_Driver/Src/stm32g0xx_hal.o
LOAD ./Drivers/STM32G0xx_HAL_Driver/Src/stm32g0xx_hal_adc.o
LOAD ./Drivers/STM32G0xx_HAL_Driver/Src/stm32g0xx_hal_adc_ex.o
LOAD ./Drivers/STM32G0xx_HAL_Driver/Src/stm32g0xx_hal_cortex.o
LOAD ./Drivers/STM32G0xx_HAL_Driver/Src/stm32g0xx_hal_dma.o
LOAD ./Drivers/STM32G0xx_HAL_Driver/Src/stm32g0xx_hal_dma_ex.o
LOAD ./Drivers/STM32G0xx_HAL_Driver/Src/stm32g0xx_hal_exti.o
LOAD ./Drivers/STM32G0xx_HAL_Driver/Src/stm32g0xx_hal_flash.o
LOAD ./Drivers/STM32G0xx_HAL_Driver/Src/stm32g0xx_hal_flash_ex.o
LOAD ./Drivers/STM32G0xx_HAL_Driver/Src/stm32g0xx_hal_gpio.o
LOAD ./Drivers/STM32G0xx_HAL_Driver/Src/stm32g0xx_hal_i2c.o
LOAD ./Drivers/STM32G0xx_HAL_Driver/Src/stm32g0xx_hal_i2c_ex.o
LOAD ./Drivers/STM32G0xx_HAL_Driver/Src/stm32g0xx_hal_pwr.o
LOAD ./Drivers/STM32G0xx_HAL_Driver/Src/stm32g0xx_hal_pwr_ex.o
LOAD ./Drivers/STM32G0xx_HAL_Driver/Src/stm32g0xx_hal_rcc.o
LOAD ./Drivers/STM32G0xx_HAL_Driver/Src/stm32g0xx_hal_rcc_ex.o
LOAD ./Drivers/STM32G0xx_HAL_Driver/Src/stm32g0xx_hal_tim.o
LOAD ./Drivers/STM32G0xx_HAL_Driver/Src/stm32g0xx_hal_tim_ex.o
LOAD ./Drivers/STM32G0xx_HAL_Driver/Src/stm32g0xx_hal_uart.o
LOAD ./Drivers/STM32G0xx_HAL_Driver/Src/stm32g0xx_hal_uart_ex.o
LOAD ./Drivers/STM32G0xx_HAL_Driver/Src/stm32g0xx_ll_adc.o
LOAD ./Drivers/STM32G0xx_HAL_Driver/Src/stm32g0xx_ll_dma.o
LOAD ./Drivers/STM32G0xx_HAL_Driver/Src/stm32g0xx_ll_rcc.o
START GROUP
LOAD c:/st/stm32cubeide_1.7.0/stm32cubeide/plugins/com.st.stm32cube.ide.mcu.externaltools.gnu-tools-for-stm32.10.3-2021.10.win32_1.0.0.202111181127/tools/bin/../lib/gcc/arm-none-eabi/10.3.1/../../../../arm-none-eabi/lib/thumb/v6-m/nofp\libc.a
LOAD c:/st/stm32cubeide_1.7.0/stm32cubeide/plugins/com.st.stm32cube.ide.mcu.externaltools.gnu-tools-for-stm32.10.3-2021.10.win32_1.0.0.202111181127/tools/bin/../lib/gcc/arm-none-eabi/10.3.1/../../../../arm-none-eabi/lib/thumb/v6-m/nofp\libm.a
END GROUP
START GROUP
LOAD c:/st/stm32cubeide_1.7.0/stm32cubeide/plugins/com.st.stm32cube.ide.mcu.externaltools.gnu-tools-for-stm32.10.3-2021.10.win32_1.0.0.202111181127/tools/bin/../lib/gcc/arm-none-eabi/10.3.1/thumb/v6-m/nofp\libgcc.a
LOAD c:/st/stm32cubeide_1.7.0/stm32cubeide/plugins/com.st.stm32cube.ide.mcu.externaltools.gnu-tools-for-stm32.10.3-2021.10.win32_1.0.0.202111181127/tools/bin/../lib/gcc/arm-none-eabi/10.3.1/../../../../arm-none-eabi/lib/thumb/v6-m/nofp\libc.a
END GROUP
START GROUP
LOAD c:/st/stm32cubeide_1.7.0/stm32cubeide/plugins/com.st.stm32cube.ide.mcu.externaltools.gnu-tools-for-stm32.10.3-2021.10.win32_1.0.0.202111181127/tools/bin/../lib/gcc/arm-none-eabi/10.3.1/thumb/v6-m/nofp\libgcc.a
LOAD c:/st/stm32cubeide_1.7.0/stm32cubeide/plugins/com.st.stm32cube.ide.mcu.externaltools.gnu-tools-for-stm32.10.3-2021.10.win32_1.0.0.202111181127/tools/bin/../lib/gcc/arm-none-eabi/10.3.1/../../../../arm-none-eabi/lib/thumb/v6-m/nofp\libc.a
LOAD c:/st/stm32cubeide_1.7.0/stm32cubeide/plugins/com.st.stm32cube.ide.mcu.externaltools.gnu-tools-for-stm32.10.3-2021.10.win32_1.0.0.202111181127/tools/bin/../lib/gcc/arm-none-eabi/10.3.1/../../../../arm-none-eabi/lib/thumb/v6-m/nofp\libnosys.a
END GROUP
LOAD c:/st/stm32cubeide_1.7.0/stm32cubeide/plugins/com.st.stm32cube.ide.mcu.externaltools.gnu-tools-for-stm32.10.3-2021.10.win32_1.0.0.202111181127/tools/bin/../lib/gcc/arm-none-eabi/10.3.1/thumb/v6-m/nofp/crtend.o
LOAD c:/st/stm32cubeide_1.7.0/stm32cubeide/plugins/com.st.stm32cube.ide.mcu.externaltools.gnu-tools-for-stm32.10.3-2021.10.win32_1.0.0.202111181127/tools/bin/../lib/gcc/arm-none-eabi/10.3.1/thumb/v6-m/nofp/crtn.o
                0x0000000020004800                _estack = (ORIGIN (RAM) + LENGTH (RAM))
                0x0000000000000200                _Min_Heap_Size = 0x200
                0x0000000000000c00                _Min_Stack_Size = 0xc00

.isr_vector     0x0000000008000000       0xb8
                0x0000000008000000                . = ALIGN (0x4)
 *(.isr_vector)
 .isr_vector    0x0000000008000000       0xb8 ./Core/Startup/startup_stm32g051k8tx.o
                0x0000000008000000                g_pfnVectors
                0x00000000080000b8                . = ALIGN (0x4)

.text           0x00000000080000b8     0x562c
                0x00000000080000b8                . = ALIGN (0x4)
 *(.text)
 .text          0x00000000080000b8       0x48 c:/st/stm32cubeide_1.7.0/stm32cubeide/plugins/com.st.stm32cube.ide.mcu.externaltools.gnu-tools-for-stm32.10.3-2021.10.win32_1.0.0.202111181127/tools/bin/../lib/gcc/arm-none-eabi/10.3.1/thumb/v6-m/nofp/crtbegin.o
 .text          0x0000000008000100      0x114 c:/st/stm32cubeide_1.7.0/stm32cubeide/plugins/com.st.stm32cube.ide.mcu.externaltools.gnu-tools-for-stm32.10.3-2021.10.win32_1.0.0.202111181127/tools/bin/../lib/gcc/arm-none-eabi/10.3.1/thumb/v6-m/nofp\libgcc.a(_udivsi3.o)
                0x0000000008000100                __aeabi_uidiv
                0x0000000008000100                __udivsi3
                0x000000000800020c                __aeabi_uidivmod
 .text          0x0000000008000214      0x1d4 c:/st/stm32cubeide_1.7.0/stm32cubeide/plugins/com.st.stm32cube.ide.mcu.externaltools.gnu-tools-for-stm32.10.3-2021.10.win32_1.0.0.202111181127/tools/bin/../lib/gcc/arm-none-eabi/10.3.1/thumb/v6-m/nofp\libgcc.a(_divsi3.o)
                0x0000000008000214                __divsi3
                0x0000000008000214                __aeabi_idiv
                0x00000000080003e0                __aeabi_idivmod
 .text          0x00000000080003e8        0x4 c:/st/stm32cubeide_1.7.0/stm32cubeide/plugins/com.st.stm32cube.ide.mcu.externaltools.gnu-tools-for-stm32.10.3-2021.10.win32_1.0.0.202111181127/tools/bin/../lib/gcc/arm-none-eabi/10.3.1/thumb/v6-m/nofp\libgcc.a(_dvmd_tls.o)
                0x00000000080003e8                __aeabi_idiv0
                0x00000000080003e8                __aeabi_ldiv0
 .text          0x00000000080003ec       0x40 c:/st/stm32cubeide_1.7.0/stm32cubeide/plugins/com.st.stm32cube.ide.mcu.externaltools.gnu-tools-for-stm32.10.3-2021.10.win32_1.0.0.202111181127/tools/bin/../lib/gcc/arm-none-eabi/10.3.1/thumb/v6-m/nofp\libgcc.a(_aeabi_uldivmod.o)
                0x00000000080003ec                __aeabi_uldivmod
 .text          0x000000000800042c      0x198 c:/st/stm32cubeide_1.7.0/stm32cubeide/plugins/com.st.stm32cube.ide.mcu.externaltools.gnu-tools-for-stm32.10.3-2021.10.win32_1.0.0.202111181127/tools/bin/../lib/gcc/arm-none-eabi/10.3.1/thumb/v6-m/nofp\libgcc.a(_udivmoddi4.o)
                0x000000000800042c                __udivmoddi4
 .text          0x00000000080005c4       0x18 c:/st/stm32cubeide_1.7.0/stm32cubeide/plugins/com.st.stm32cube.ide.mcu.externaltools.gnu-tools-for-stm32.10.3-2021.10.win32_1.0.0.202111181127/tools/bin/../lib/gcc/arm-none-eabi/10.3.1/thumb/v6-m/nofp\libgcc.a(_clzdi2.o)
                0x00000000080005c4                __clzdi2
 .text          0x00000000080005dc       0x3c c:/st/stm32cubeide_1.7.0/stm32cubeide/plugins/com.st.stm32cube.ide.mcu.externaltools.gnu-tools-for-stm32.10.3-2021.10.win32_1.0.0.202111181127/tools/bin/../lib/gcc/arm-none-eabi/10.3.1/thumb/v6-m/nofp\libgcc.a(_clzsi2.o)
                0x00000000080005dc                __clzsi2
 *(.text*)
 .text.HC12_ExitCommandMode
                0x0000000008000618       0x1a ./Core/Src/HC12.o
                0x0000000008000618                HC12_ExitCommandMode
 *fill*         0x0000000008000632        0x2 
 .text.HC12_TransmitData
                0x0000000008000634       0x28 ./Core/Src/HC12.o
                0x0000000008000634                HC12_TransmitData
 .text.HC12_ReciveToIdleDMA
                0x000000000800065c       0x24 ./Core/Src/HC12.o
                0x000000000800065c                HC12_ReciveToIdleDMA
 .text.SM_Handle
                0x0000000008000680       0x64 ./Core/Src/SM.o
                0x0000000008000680                SM_Handle
 .text.SM_ChangeState
                0x00000000080006e4       0x70 ./Core/Src/SM.o
 .text.SM_InitializeFunction
                0x0000000008000754       0x54 ./Core/Src/SM.o
 .text.SM_RunningFunction
                0x00000000080007a8       0x18 ./Core/Src/SM.o
 .text.SM_SleepFunction
                0x00000000080007c0       0x14 ./Core/Src/SM.o
 .text.SM_CommadTestFunction
                0x00000000080007d4       0x24 ./Core/Src/SM.o
                0x00000000080007d4                SM_CommadTestFunction
 .text.HAL_UARTEx_RxEventCallback
                0x00000000080007f8       0x34 ./Core/Src/SM.o
                0x00000000080007f8                HAL_UARTEx_RxEventCallback
 .text.Switch_Handle
                0x000000000800082c       0x38 ./Core/Src/Switch.o
                0x000000000800082c                Switch_Handle
 .text.SW_ChangeState
                0x0000000008000864       0x80 ./Core/Src/Switch.o
 .text.SW_InitializeFunction
                0x00000000080008e4       0x18 ./Core/Src/Switch.o
 .text.SW_IdleFunction
                0x00000000080008fc       0x18 ./Core/Src/Switch.o
 .text.SW_DebounceFunction
                0x0000000008000914       0x18 ./Core/Src/Switch.o
 .text.SW_TickFunction
                0x000000000800092c       0x18 ./Core/Src/Switch.o
 .text.SW_PressFunction
                0x0000000008000944       0x18 ./Core/Src/Switch.o
 .text.SW_ConfirmFunction
                0x000000000800095c       0x18 ./Core/Src/Switch.o
 .text.SW_ReleaseFunction
                0x0000000008000974       0x18 ./Core/Src/Switch.o
 .text.SW_Init  0x000000000800098c       0x1c ./Core/Src/Switch.o
                0x000000000800098c                SW_Init
 .text.MX_ADC1_Init
                0x00000000080009a8       0xd8 ./Core/Src/adc.o
                0x00000000080009a8                MX_ADC1_Init
 .text.HAL_ADC_MspInit
                0x0000000008000a80       0x88 ./Core/Src/adc.o
                0x0000000008000a80                HAL_ADC_MspInit
 .text.Crc      0x0000000008000b08       0x68 ./Core/Src/crc.o
                0x0000000008000b08                Crc
 .text.RepareMessage
                0x0000000008000b70       0xaa ./Core/Src/crc.o
                0x0000000008000b70                RepareMessage
 *fill*         0x0000000008000c1a        0x2 
 .text.MX_DMA_Init
                0x0000000008000c1c       0x2c ./Core/Src/dma.o
                0x0000000008000c1c                MX_DMA_Init
 .text.MX_GPIO_Init
                0x0000000008000c48      0x138 ./Core/Src/gpio.o
                0x0000000008000c48                MX_GPIO_Init
 .text.MX_I2C1_Init
                0x0000000008000d80       0x80 ./Core/Src/i2c.o
                0x0000000008000d80                MX_I2C1_Init
 .text.HAL_I2C_MspInit
                0x0000000008000e00       0xc4 ./Core/Src/i2c.o
                0x0000000008000e00                HAL_I2C_MspInit
 .text.main     0x0000000008000ec4       0x2e ./Core/Src/main.o
                0x0000000008000ec4                main
 .text.SystemClock_Config
                0x0000000008000ef2       0x90 ./Core/Src/main.o
                0x0000000008000ef2                SystemClock_Config
 .text.MX_NVIC_Init
                0x0000000008000f82       0x2a ./Core/Src/main.o
 .text.Error_Handler
                0x0000000008000fac        0xa ./Core/Src/main.o
                0x0000000008000fac                Error_Handler
 *fill*         0x0000000008000fb6        0x2 
 .text.RFP_Handle
                0x0000000008000fb8       0x38 ./Core/Src/rfp.o
                0x0000000008000fb8                RFP_Handle
 .text.RFP_Init
                0x0000000008000ff0       0x7c ./Core/Src/rfp.o
                0x0000000008000ff0                RFP_Init
 .text.RFP_ChangeState
                0x000000000800106c       0x80 ./Core/Src/rfp.o
 .text.RFP_RegisterCommandFunction
                0x00000000080010ec       0x28 ./Core/Src/rfp.o
                0x00000000080010ec                RFP_RegisterCommandFunction
 .text.RFP_InterruptTask
                0x0000000008001114       0x18 ./Core/Src/rfp.o
                0x0000000008001114                RFP_InterruptTask
 .text.RFP_SendResponseFunction
                0x000000000800112c       0x80 ./Core/Src/rfp.o
 .text.RFP_InitializeFunction
                0x00000000080011ac       0x28 ./Core/Src/rfp.o
 .text.RFP_IdleFunction
                0x00000000080011d4       0x40 ./Core/Src/rfp.o
 .text.RFP_ParseFunction
                0x0000000008001214       0xe0 ./Core/Src/rfp.o
 .text.RFP_RunningFunction
                0x00000000080012f4       0xbc ./Core/Src/rfp.o
 .text.HAL_MspInit
                0x00000000080013b0       0x48 ./Core/Src/stm32g0xx_hal_msp.o
                0x00000000080013b0                HAL_MspInit
 .text.NMI_Handler
                0x00000000080013f8        0x6 ./Core/Src/stm32g0xx_it.o
                0x00000000080013f8                NMI_Handler
 .text.HardFault_Handler
                0x00000000080013fe        0x6 ./Core/Src/stm32g0xx_it.o
                0x00000000080013fe                HardFault_Handler
 .text.SVC_Handler
                0x0000000008001404        0xa ./Core/Src/stm32g0xx_it.o
                0x0000000008001404                SVC_Handler
 .text.PendSV_Handler
                0x000000000800140e        0xa ./Core/Src/stm32g0xx_it.o
                0x000000000800140e                PendSV_Handler
 .text.SysTick_Handler
                0x0000000008001418        0xe ./Core/Src/stm32g0xx_it.o
                0x0000000008001418                SysTick_Handler
 *fill*         0x0000000008001426        0x2 
 .text.DMA1_Channel1_IRQHandler
                0x0000000008001428       0x18 ./Core/Src/stm32g0xx_it.o
                0x0000000008001428                DMA1_Channel1_IRQHandler
 .text.USART1_IRQHandler
                0x0000000008001440       0x18 ./Core/Src/stm32g0xx_it.o
                0x0000000008001440                USART1_IRQHandler
 .text.SystemInit
                0x0000000008001458       0x18 ./Core/Src/system_stm32g0xx.o
                0x0000000008001458                SystemInit
 .text.MX_LPUART1_UART_Init
                0x0000000008001470       0x9c ./Core/Src/usart.o
                0x0000000008001470                MX_LPUART1_UART_Init
 .text.MX_USART1_UART_Init
                0x000000000800150c       0x9c ./Core/Src/usart.o
                0x000000000800150c                MX_USART1_UART_Init
 .text.HAL_UART_MspInit
                0x00000000080015a8      0x1b0 ./Core/Src/usart.o
                0x00000000080015a8                HAL_UART_MspInit
 .text.Reset_Handler
                0x0000000008001758       0x50 ./Core/Startup/startup_stm32g051k8tx.o
                0x0000000008001758                Reset_Handler
 .text.Default_Handler
                0x00000000080017a8        0x2 ./Core/Startup/startup_stm32g051k8tx.o
                0x00000000080017a8                TIM1_CC_IRQHandler
                0x00000000080017a8                ADC1_COMP_IRQHandler
                0x00000000080017a8                PVD_IRQHandler
                0x00000000080017a8                I2C1_IRQHandler
                0x00000000080017a8                TIM7_LPTIM2_IRQHandler
                0x00000000080017a8                RTC_TAMP_IRQHandler
                0x00000000080017a8                SPI1_IRQHandler
                0x00000000080017a8                EXTI2_3_IRQHandler
                0x00000000080017a8                I2C2_IRQHandler
                0x00000000080017a8                TIM17_IRQHandler
                0x00000000080017a8                TIM16_IRQHandler
                0x00000000080017a8                TIM3_IRQHandler
                0x00000000080017a8                EXTI4_15_IRQHandler
                0x00000000080017a8                RCC_IRQHandler
                0x00000000080017a8                Default_Handler
                0x00000000080017a8                TIM14_IRQHandler
                0x00000000080017a8                TIM15_IRQHandler
                0x00000000080017a8                EXTI0_1_IRQHandler
                0x00000000080017a8                SPI2_IRQHandler
                0x00000000080017a8                TIM6_DAC_LPTIM1_IRQHandler
                0x00000000080017a8                WWDG_IRQHandler
                0x00000000080017a8                LPUART1_IRQHandler
                0x00000000080017a8                TIM2_IRQHandler
                0x00000000080017a8                DMA1_Ch4_7_DMAMUX1_OVR_IRQHandler
                0x00000000080017a8                DMA1_Channel2_3_IRQHandler
                0x00000000080017a8                USART2_IRQHandler
                0x00000000080017a8                FLASH_IRQHandler
                0x00000000080017a8                TIM1_BRK_UP_TRG_COM_IRQHandler
 *fill*         0x00000000080017aa        0x2 
 .text.HAL_Init
                0x00000000080017ac       0x40 ./Drivers/STM32G0xx_HAL_Driver/Src/stm32g0xx_hal.o
                0x00000000080017ac                HAL_Init
 .text.HAL_InitTick
                0x00000000080017ec       0x94 ./Drivers/STM32G0xx_HAL_Driver/Src/stm32g0xx_hal.o
                0x00000000080017ec                HAL_InitTick
 .text.HAL_IncTick
                0x0000000008001880       0x24 ./Drivers/STM32G0xx_HAL_Driver/Src/stm32g0xx_hal.o
                0x0000000008001880                HAL_IncTick
 .text.HAL_GetTick
                0x00000000080018a4       0x14 ./Drivers/STM32G0xx_HAL_Driver/Src/stm32g0xx_hal.o
                0x00000000080018a4                HAL_GetTick
 .text.LL_ADC_SetCommonPathInternalCh
                0x00000000080018b8       0x28 ./Drivers/STM32G0xx_HAL_Driver/Src/stm32g0xx_hal_adc.o
 .text.LL_ADC_GetCommonPathInternalCh
                0x00000000080018e0       0x1a ./Drivers/STM32G0xx_HAL_Driver/Src/stm32g0xx_hal_adc.o
 .text.LL_ADC_SetSamplingTimeCommonChannels
                0x00000000080018fa       0x3a ./Drivers/STM32G0xx_HAL_Driver/Src/stm32g0xx_hal_adc.o
 .text.LL_ADC_GetSamplingTimeCommonChannels
                0x0000000008001934       0x2e ./Drivers/STM32G0xx_HAL_Driver/Src/stm32g0xx_hal_adc.o
 .text.LL_ADC_REG_SetSequencerRanks
                0x0000000008001962       0x40 ./Drivers/STM32G0xx_HAL_Driver/Src/stm32g0xx_hal_adc.o
 .text.LL_ADC_REG_SetSequencerChAdd
                0x00000000080019a2       0x22 ./Drivers/STM32G0xx_HAL_Driver/Src/stm32g0xx_hal_adc.o
 .text.LL_ADC_REG_SetSequencerChRem
                0x00000000080019c4       0x24 ./Drivers/STM32G0xx_HAL_Driver/Src/stm32g0xx_hal_adc.o
 .text.LL_ADC_SetChannelSamplingTime
                0x00000000080019e8       0x38 ./Drivers/STM32G0xx_HAL_Driver/Src/stm32g0xx_hal_adc.o
 .text.LL_ADC_EnableInternalRegulator
                0x0000000008001a20       0x28 ./Drivers/STM32G0xx_HAL_Driver/Src/stm32g0xx_hal_adc.o
 .text.LL_ADC_IsInternalRegulatorEnabled
                0x0000000008001a48       0x28 ./Drivers/STM32G0xx_HAL_Driver/Src/stm32g0xx_hal_adc.o
 .text.LL_ADC_IsEnabled
                0x0000000008001a70       0x22 ./Drivers/STM32G0xx_HAL_Driver/Src/stm32g0xx_hal_adc.o
 .text.LL_ADC_REG_IsConversionOngoing
                0x0000000008001a92       0x22 ./Drivers/STM32G0xx_HAL_Driver/Src/stm32g0xx_hal_adc.o
 .text.HAL_ADC_Init
                0x0000000008001ab4      0x350 ./Drivers/STM32G0xx_HAL_Driver/Src/stm32g0xx_hal_adc.o
                0x0000000008001ab4                HAL_ADC_Init
 .text.HAL_ADC_ConfigChannel
                0x0000000008001e04      0x3b0 ./Drivers/STM32G0xx_HAL_Driver/Src/stm32g0xx_hal_adc.o
                0x0000000008001e04                HAL_ADC_ConfigChannel
 .text.__NVIC_EnableIRQ
                0x00000000080021b4       0x34 ./Drivers/STM32G0xx_HAL_Driver/Src/stm32g0xx_hal_cortex.o
 .text.__NVIC_SetPriority
                0x00000000080021e8       0xdc ./Drivers/STM32G0xx_HAL_Driver/Src/stm32g0xx_hal_cortex.o
 .text.SysTick_Config
                0x00000000080022c4       0x48 ./Drivers/STM32G0xx_HAL_Driver/Src/stm32g0xx_hal_cortex.o
 .text.HAL_NVIC_SetPriority
                0x000000000800230c       0x2a ./Drivers/STM32G0xx_HAL_Driver/Src/stm32g0xx_hal_cortex.o
                0x000000000800230c                HAL_NVIC_SetPriority
 .text.HAL_NVIC_EnableIRQ
                0x0000000008002336       0x20 ./Drivers/STM32G0xx_HAL_Driver/Src/stm32g0xx_hal_cortex.o
                0x0000000008002336                HAL_NVIC_EnableIRQ
 .text.HAL_SYSTICK_Config
                0x0000000008002356       0x1a ./Drivers/STM32G0xx_HAL_Driver/Src/stm32g0xx_hal_cortex.o
                0x0000000008002356                HAL_SYSTICK_Config
 .text.HAL_DMA_Init
                0x0000000008002370      0x114 ./Drivers/STM32G0xx_HAL_Driver/Src/stm32g0xx_hal_dma.o
                0x0000000008002370                HAL_DMA_Init
 .text.HAL_DMA_Start_IT
                0x0000000008002484      0x10c ./Drivers/STM32G0xx_HAL_Driver/Src/stm32g0xx_hal_dma.o
                0x0000000008002484                HAL_DMA_Start_IT
 .text.HAL_DMA_Abort
                0x0000000008002590       0xc4 ./Drivers/STM32G0xx_HAL_Driver/Src/stm32g0xx_hal_dma.o
                0x0000000008002590                HAL_DMA_Abort
 .text.HAL_DMA_Abort_IT
                0x0000000008002654       0xd4 ./Drivers/STM32G0xx_HAL_Driver/Src/stm32g0xx_hal_dma.o
                0x0000000008002654                HAL_DMA_Abort_IT
 .text.HAL_DMA_IRQHandler
                0x0000000008002728      0x164 ./Drivers/STM32G0xx_HAL_Driver/Src/stm32g0xx_hal_dma.o
                0x0000000008002728                HAL_DMA_IRQHandler
 .text.DMA_SetConfig
                0x000000000800288c       0x80 ./Drivers/STM32G0xx_HAL_Driver/Src/stm32g0xx_hal_dma.o
 .text.DMA_CalcDMAMUXChannelBaseAndMask
                0x000000000800290c       0x58 ./Drivers/STM32G0xx_HAL_Driver/Src/stm32g0xx_hal_dma.o
 .text.DMA_CalcDMAMUXRequestGenBaseAndMask
                0x0000000008002964       0x48 ./Drivers/STM32G0xx_HAL_Driver/Src/stm32g0xx_hal_dma.o
 .text.HAL_GPIO_Init
                0x00000000080029ac      0x2c8 ./Drivers/STM32G0xx_HAL_Driver/Src/stm32g0xx_hal_gpio.o
                0x00000000080029ac                HAL_GPIO_Init
 .text.HAL_GPIO_WritePin
                0x0000000008002c74       0x3a ./Drivers/STM32G0xx_HAL_Driver/Src/stm32g0xx_hal_gpio.o
                0x0000000008002c74                HAL_GPIO_WritePin
 *fill*         0x0000000008002cae        0x2 
 .text.HAL_I2C_Init
                0x0000000008002cb0      0x12c ./Drivers/STM32G0xx_HAL_Driver/Src/stm32g0xx_hal_i2c.o
                0x0000000008002cb0                HAL_I2C_Init
 .text.HAL_I2CEx_ConfigAnalogFilter
                0x0000000008002ddc       0x98 ./Drivers/STM32G0xx_HAL_Driver/Src/stm32g0xx_hal_i2c_ex.o
                0x0000000008002ddc                HAL_I2CEx_ConfigAnalogFilter
 .text.HAL_I2CEx_ConfigDigitalFilter
                0x0000000008002e74       0x98 ./Drivers/STM32G0xx_HAL_Driver/Src/stm32g0xx_hal_i2c_ex.o
                0x0000000008002e74                HAL_I2CEx_ConfigDigitalFilter
 .text.HAL_PWREx_ControlVoltageScaling
                0x0000000008002f0c       0x80 ./Drivers/STM32G0xx_HAL_Driver/Src/stm32g0xx_hal_pwr_ex.o
                0x0000000008002f0c                HAL_PWREx_ControlVoltageScaling
 .text.LL_RCC_GetAPB1Prescaler
                0x0000000008002f8c       0x18 ./Drivers/STM32G0xx_HAL_Driver/Src/stm32g0xx_hal_rcc.o
 .text.HAL_RCC_OscConfig
                0x0000000008002fa4      0x634 ./Drivers/STM32G0xx_HAL_Driver/Src/stm32g0xx_hal_rcc.o
                0x0000000008002fa4                HAL_RCC_OscConfig
 .text.HAL_RCC_ClockConfig
                0x00000000080035d8      0x210 ./Drivers/STM32G0xx_HAL_Driver/Src/stm32g0xx_hal_rcc.o
                0x00000000080035d8                HAL_RCC_ClockConfig
 .text.HAL_RCC_GetSysClockFreq
                0x00000000080037e8      0x104 ./Drivers/STM32G0xx_HAL_Driver/Src/stm32g0xx_hal_rcc.o
                0x00000000080037e8                HAL_RCC_GetSysClockFreq
 .text.HAL_RCC_GetHCLKFreq
                0x00000000080038ec       0x14 ./Drivers/STM32G0xx_HAL_Driver/Src/stm32g0xx_hal_rcc.o
                0x00000000080038ec                HAL_RCC_GetHCLKFreq
 .text.HAL_RCC_GetPCLK1Freq
                0x0000000008003900       0x2c ./Drivers/STM32G0xx_HAL_Driver/Src/stm32g0xx_hal_rcc.o
                0x0000000008003900                HAL_RCC_GetPCLK1Freq
 .text.HAL_RCCEx_PeriphCLKConfig
                0x000000000800392c      0x330 ./Drivers/STM32G0xx_HAL_Driver/Src/stm32g0xx_hal_rcc_ex.o
                0x000000000800392c                HAL_RCCEx_PeriphCLKConfig
 .text.HAL_UART_Init
                0x0000000008003c5c       0xac ./Drivers/STM32G0xx_HAL_Driver/Src/stm32g0xx_hal_uart.o
                0x0000000008003c5c                HAL_UART_Init
 .text.HAL_UART_Transmit
                0x0000000008003d08      0x138 ./Drivers/STM32G0xx_HAL_Driver/Src/stm32g0xx_hal_uart.o
                0x0000000008003d08                HAL_UART_Transmit
 .text.HAL_UART_IRQHandler
                0x0000000008003e40      0x64c ./Drivers/STM32G0xx_HAL_Driver/Src/stm32g0xx_hal_uart.o
                0x0000000008003e40                HAL_UART_IRQHandler
 .text.HAL_UART_TxCpltCallback
                0x000000000800448c       0x10 ./Drivers/STM32G0xx_HAL_Driver/Src/stm32g0xx_hal_uart.o
                0x000000000800448c                HAL_UART_TxCpltCallback
 .text.HAL_UART_RxCpltCallback
                0x000000000800449c       0x10 ./Drivers/STM32G0xx_HAL_Driver/Src/stm32g0xx_hal_uart.o
                0x000000000800449c                HAL_UART_RxCpltCallback
 .text.HAL_UART_RxHalfCpltCallback
                0x00000000080044ac       0x10 ./Drivers/STM32G0xx_HAL_Driver/Src/stm32g0xx_hal_uart.o
                0x00000000080044ac                HAL_UART_RxHalfCpltCallback
 .text.HAL_UART_ErrorCallback
                0x00000000080044bc       0x10 ./Drivers/STM32G0xx_HAL_Driver/Src/stm32g0xx_hal_uart.o
                0x00000000080044bc                HAL_UART_ErrorCallback
 .text.UART_SetConfig
                0x00000000080044cc      0x4f0 ./Drivers/STM32G0xx_HAL_Driver/Src/stm32g0xx_hal_uart.o
                0x00000000080044cc                UART_SetConfig
 .text.UART_AdvFeatureConfig
                0x00000000080049bc      0x168 ./Drivers/STM32G0xx_HAL_Driver/Src/stm32g0xx_hal_uart.o
                0x00000000080049bc                UART_AdvFeatureConfig
 .text.UART_CheckIdleState
                0x0000000008004b24       0x9c ./Drivers/STM32G0xx_HAL_Driver/Src/stm32g0xx_hal_uart.o
                0x0000000008004b24                UART_CheckIdleState
 .text.UART_WaitOnFlagUntilTimeout
                0x0000000008004bc0      0x190 ./Drivers/STM32G0xx_HAL_Driver/Src/stm32g0xx_hal_uart.o
                0x0000000008004bc0                UART_WaitOnFlagUntilTimeout
 .text.UART_Start_Receive_DMA
                0x0000000008004d50      0x14c ./Drivers/STM32G0xx_HAL_Driver/Src/stm32g0xx_hal_uart.o
                0x0000000008004d50                UART_Start_Receive_DMA
 .text.UART_EndTxTransfer
                0x0000000008004e9c       0x80 ./Drivers/STM32G0xx_HAL_Driver/Src/stm32g0xx_hal_uart.o
 .text.UART_EndRxTransfer
                0x0000000008004f1c       0xcc ./Drivers/STM32G0xx_HAL_Driver/Src/stm32g0xx_hal_uart.o
 .text.UART_DMAReceiveCplt
                0x0000000008004fe8      0x130 ./Drivers/STM32G0xx_HAL_Driver/Src/stm32g0xx_hal_uart.o
 .text.UART_DMARxHalfCplt
                0x0000000008005118       0x42 ./Drivers/STM32G0xx_HAL_Driver/Src/stm32g0xx_hal_uart.o
 .text.UART_DMAError
                0x000000000800515a       0x86 ./Drivers/STM32G0xx_HAL_Driver/Src/stm32g0xx_hal_uart.o
 .text.UART_DMAAbortOnError
                0x00000000080051e0       0x2e ./Drivers/STM32G0xx_HAL_Driver/Src/stm32g0xx_hal_uart.o
 .text.UART_EndTransmit_IT
                0x000000000800520e       0x58 ./Drivers/STM32G0xx_HAL_Driver/Src/stm32g0xx_hal_uart.o
 .text.HAL_UARTEx_WakeupCallback
                0x0000000008005266       0x10 ./Drivers/STM32G0xx_HAL_Driver/Src/stm32g0xx_hal_uart_ex.o
                0x0000000008005266                HAL_UARTEx_WakeupCallback
 .text.HAL_UARTEx_RxFifoFullCallback
                0x0000000008005276       0x10 ./Drivers/STM32G0xx_HAL_Driver/Src/stm32g0xx_hal_uart_ex.o
                0x0000000008005276                HAL_UARTEx_RxFifoFullCallback
 .text.HAL_UARTEx_TxFifoEmptyCallback
                0x0000000008005286       0x10 ./Drivers/STM32G0xx_HAL_Driver/Src/stm32g0xx_hal_uart_ex.o
                0x0000000008005286                HAL_UARTEx_TxFifoEmptyCallback
 *fill*         0x0000000008005296        0x2 
 .text.HAL_UARTEx_DisableFifoMode
                0x0000000008005298       0x74 ./Drivers/STM32G0xx_HAL_Driver/Src/stm32g0xx_hal_uart_ex.o
                0x0000000008005298                HAL_UARTEx_DisableFifoMode
 .text.HAL_UARTEx_SetTxFifoThreshold
                0x000000000800530c       0x7e ./Drivers/STM32G0xx_HAL_Driver/Src/stm32g0xx_hal_uart_ex.o
                0x000000000800530c                HAL_UARTEx_SetTxFifoThreshold
 *fill*         0x000000000800538a        0x2 
 .text.HAL_UARTEx_SetRxFifoThreshold
                0x000000000800538c       0x84 ./Drivers/STM32G0xx_HAL_Driver/Src/stm32g0xx_hal_uart_ex.o
                0x000000000800538c                HAL_UARTEx_SetRxFifoThreshold
 .text.HAL_UARTEx_ReceiveToIdle_DMA
                0x0000000008005410       0xd0 ./Drivers/STM32G0xx_HAL_Driver/Src/stm32g0xx_hal_uart_ex.o
                0x0000000008005410                HAL_UARTEx_ReceiveToIdle_DMA
 .text.UARTEx_SetNbDataToProcess
                0x00000000080054e0       0xbc ./Drivers/STM32G0xx_HAL_Driver/Src/stm32g0xx_hal_uart_ex.o
 .text.__libc_init_array
                0x000000000800559c       0x48 c:/st/stm32cubeide_1.7.0/stm32cubeide/plugins/com.st.stm32cube.ide.mcu.externaltools.gnu-tools-for-stm32.10.3-2021.10.win32_1.0.0.202111181127/tools/bin/../lib/gcc/arm-none-eabi/10.3.1/../../../../arm-none-eabi/lib/thumb/v6-m/nofp\libc.a(lib_a-init.o)
                0x000000000800559c                __libc_init_array
 .text.memset   0x00000000080055e4       0x10 c:/st/stm32cubeide_1.7.0/stm32cubeide/plugins/com.st.stm32cube.ide.mcu.externaltools.gnu-tools-for-stm32.10.3-2021.10.win32_1.0.0.202111181127/tools/bin/../lib/gcc/arm-none-eabi/10.3.1/../../../../arm-none-eabi/lib/thumb/v6-m/nofp\libc.a(lib_a-memset.o)
                0x00000000080055e4                memset
 .text.startup.register_fini
                0x00000000080055f4       0x18 c:/st/stm32cubeide_1.7.0/stm32cubeide/plugins/com.st.stm32cube.ide.mcu.externaltools.gnu-tools-for-stm32.10.3-2021.10.win32_1.0.0.202111181127/tools/bin/../lib/gcc/arm-none-eabi/10.3.1/../../../../arm-none-eabi/lib/thumb/v6-m/nofp\libc.a(lib_a-__call_atexit.o)
 .text.atexit   0x000000000800560c       0x10 c:/st/stm32cubeide_1.7.0/stm32cubeide/plugins/com.st.stm32cube.ide.mcu.externaltools.gnu-tools-for-stm32.10.3-2021.10.win32_1.0.0.202111181127/tools/bin/../lib/gcc/arm-none-eabi/10.3.1/../../../../arm-none-eabi/lib/thumb/v6-m/nofp\libc.a(lib_a-atexit.o)
                0x000000000800560c                atexit
 .text.__libc_fini_array
                0x000000000800561c       0x28 c:/st/stm32cubeide_1.7.0/stm32cubeide/plugins/com.st.stm32cube.ide.mcu.externaltools.gnu-tools-for-stm32.10.3-2021.10.win32_1.0.0.202111181127/tools/bin/../lib/gcc/arm-none-eabi/10.3.1/../../../../arm-none-eabi/lib/thumb/v6-m/nofp\libc.a(lib_a-fini.o)
                0x000000000800561c                __libc_fini_array
 .text.__retarget_lock_acquire_recursive
                0x0000000008005644        0x2 c:/st/stm32cubeide_1.7.0/stm32cubeide/plugins/com.st.stm32cube.ide.mcu.externaltools.gnu-tools-for-stm32.10.3-2021.10.win32_1.0.0.202111181127/tools/bin/../lib/gcc/arm-none-eabi/10.3.1/../../../../arm-none-eabi/lib/thumb/v6-m/nofp\libc.a(lib_a-lock.o)
                0x0000000008005644                __retarget_lock_acquire_recursive
 .text.__retarget_lock_release_recursive
                0x0000000008005646        0x2 c:/st/stm32cubeide_1.7.0/stm32cubeide/plugins/com.st.stm32cube.ide.mcu.externaltools.gnu-tools-for-stm32.10.3-2021.10.win32_1.0.0.202111181127/tools/bin/../lib/gcc/arm-none-eabi/10.3.1/../../../../arm-none-eabi/lib/thumb/v6-m/nofp\libc.a(lib_a-lock.o)
                0x0000000008005646                __retarget_lock_release_recursive
 .text.__register_exitproc
                0x0000000008005648       0x84 c:/st/stm32cubeide_1.7.0/stm32cubeide/plugins/com.st.stm32cube.ide.mcu.externaltools.gnu-tools-for-stm32.10.3-2021.10.win32_1.0.0.202111181127/tools/bin/../lib/gcc/arm-none-eabi/10.3.1/../../../../arm-none-eabi/lib/thumb/v6-m/nofp\libc.a(lib_a-__atexit.o)
                0x0000000008005648                __register_exitproc
 *(.glue_7)
 .glue_7        0x00000000080056cc        0x0 linker stubs
 *(.glue_7t)
 .glue_7t       0x00000000080056cc        0x0 linker stubs
 *(.eh_frame)
 .eh_frame      0x00000000080056cc        0x0 c:/st/stm32cubeide_1.7.0/stm32cubeide/plugins/com.st.stm32cube.ide.mcu.externaltools.gnu-tools-for-stm32.10.3-2021.10.win32_1.0.0.202111181127/tools/bin/../lib/gcc/arm-none-eabi/10.3.1/thumb/v6-m/nofp/crtbegin.o
 *(.init)
 .init          0x00000000080056cc        0x4 c:/st/stm32cubeide_1.7.0/stm32cubeide/plugins/com.st.stm32cube.ide.mcu.externaltools.gnu-tools-for-stm32.10.3-2021.10.win32_1.0.0.202111181127/tools/bin/../lib/gcc/arm-none-eabi/10.3.1/thumb/v6-m/nofp/crti.o
                0x00000000080056cc                _init
 .init          0x00000000080056d0        0x8 c:/st/stm32cubeide_1.7.0/stm32cubeide/plugins/com.st.stm32cube.ide.mcu.externaltools.gnu-tools-for-stm32.10.3-2021.10.win32_1.0.0.202111181127/tools/bin/../lib/gcc/arm-none-eabi/10.3.1/thumb/v6-m/nofp/crtn.o
 *(.fini)
 .fini          0x00000000080056d8        0x4 c:/st/stm32cubeide_1.7.0/stm32cubeide/plugins/com.st.stm32cube.ide.mcu.externaltools.gnu-tools-for-stm32.10.3-2021.10.win32_1.0.0.202111181127/tools/bin/../lib/gcc/arm-none-eabi/10.3.1/thumb/v6-m/nofp/crti.o
                0x00000000080056d8                _fini
 .fini          0x00000000080056dc        0x8 c:/st/stm32cubeide_1.7.0/stm32cubeide/plugins/com.st.stm32cube.ide.mcu.externaltools.gnu-tools-for-stm32.10.3-2021.10.win32_1.0.0.202111181127/tools/bin/../lib/gcc/arm-none-eabi/10.3.1/thumb/v6-m/nofp/crtn.o
                0x00000000080056e4                . = ALIGN (0x4)
                0x00000000080056e4                _etext = .

.vfp11_veneer   0x00000000080056e4        0x0
 .vfp11_veneer  0x00000000080056e4        0x0 linker stubs

.v4_bx          0x00000000080056e4        0x0
 .v4_bx         0x00000000080056e4        0x0 linker stubs

.iplt           0x00000000080056e4        0x0
 .iplt          0x00000000080056e4        0x0 c:/st/stm32cubeide_1.7.0/stm32cubeide/plugins/com.st.stm32cube.ide.mcu.externaltools.gnu-tools-for-stm32.10.3-2021.10.win32_1.0.0.202111181127/tools/bin/../lib/gcc/arm-none-eabi/10.3.1/thumb/v6-m/nofp/crtbegin.o

.rodata         0x00000000080056e4       0x8c
                0x00000000080056e4                . = ALIGN (0x4)
 *(.rodata)
 *(.rodata*)
 .rodata.AHBPrescTable
                0x00000000080056e4       0x40 ./Core/Src/system_stm32g0xx.o
                0x00000000080056e4                AHBPrescTable
 .rodata.APBPrescTable
                0x0000000008005724       0x20 ./Core/Src/system_stm32g0xx.o
                0x0000000008005724                APBPrescTable
 .rodata.UARTPrescTable
                0x0000000008005744       0x18 ./Drivers/STM32G0xx_HAL_Driver/Src/stm32g0xx_hal_uart.o
                0x0000000008005744                UARTPrescTable
 .rodata.numerator.1
                0x000000000800575c        0x8 ./Drivers/STM32G0xx_HAL_Driver/Src/stm32g0xx_hal_uart_ex.o
 .rodata.denominator.0
                0x0000000008005764        0x8 ./Drivers/STM32G0xx_HAL_Driver/Src/stm32g0xx_hal_uart_ex.o
 .rodata._global_impure_ptr
                0x000000000800576c        0x4 c:/st/stm32cubeide_1.7.0/stm32cubeide/plugins/com.st.stm32cube.ide.mcu.externaltools.gnu-tools-for-stm32.10.3-2021.10.win32_1.0.0.202111181127/tools/bin/../lib/gcc/arm-none-eabi/10.3.1/../../../../arm-none-eabi/lib/thumb/v6-m/nofp\libc.a(lib_a-impure.o)
                0x000000000800576c                _global_impure_ptr
                0x0000000008005770                . = ALIGN (0x4)

.ARM.extab      0x0000000008005770        0x0
                0x0000000008005770                . = ALIGN (0x4)
 *(.ARM.extab* .gnu.linkonce.armextab.*)
                0x0000000008005770                . = ALIGN (0x4)

.ARM            0x0000000008005770        0x8
                0x0000000008005770                . = ALIGN (0x4)
                0x0000000008005770                __exidx_start = .
 *(.ARM.exidx*)
 .ARM.exidx     0x0000000008005770        0x8 c:/st/stm32cubeide_1.7.0/stm32cubeide/plugins/com.st.stm32cube.ide.mcu.externaltools.gnu-tools-for-stm32.10.3-2021.10.win32_1.0.0.202111181127/tools/bin/../lib/gcc/arm-none-eabi/10.3.1/thumb/v6-m/nofp\libgcc.a(_udivmoddi4.o)
                0x0000000008005778                __exidx_end = .
                0x0000000008005778                . = ALIGN (0x4)

.rel.dyn        0x0000000008005778        0x0
 .rel.iplt      0x0000000008005778        0x0 c:/st/stm32cubeide_1.7.0/stm32cubeide/plugins/com.st.stm32cube.ide.mcu.externaltools.gnu-tools-for-stm32.10.3-2021.10.win32_1.0.0.202111181127/tools/bin/../lib/gcc/arm-none-eabi/10.3.1/thumb/v6-m/nofp/crtbegin.o

.preinit_array  0x0000000008005778        0x0
                0x0000000008005778                . = ALIGN (0x4)
                0x0000000008005778                PROVIDE (__preinit_array_start = .)
 *(.preinit_array*)
                0x0000000008005778                PROVIDE (__preinit_array_end = .)
                0x0000000008005778                . = ALIGN (0x4)

.init_array     0x0000000008005778        0x8
                0x0000000008005778                . = ALIGN (0x4)
                0x0000000008005778                PROVIDE (__init_array_start = .)
 *(SORT_BY_NAME(.init_array.*))
 .init_array.00000
                0x0000000008005778        0x4 c:/st/stm32cubeide_1.7.0/stm32cubeide/plugins/com.st.stm32cube.ide.mcu.externaltools.gnu-tools-for-stm32.10.3-2021.10.win32_1.0.0.202111181127/tools/bin/../lib/gcc/arm-none-eabi/10.3.1/../../../../arm-none-eabi/lib/thumb/v6-m/nofp\libc.a(lib_a-__call_atexit.o)
 *(.init_array*)
 .init_array    0x000000000800577c        0x4 c:/st/stm32cubeide_1.7.0/stm32cubeide/plugins/com.st.stm32cube.ide.mcu.externaltools.gnu-tools-for-stm32.10.3-2021.10.win32_1.0.0.202111181127/tools/bin/../lib/gcc/arm-none-eabi/10.3.1/thumb/v6-m/nofp/crtbegin.o
                0x0000000008005780                PROVIDE (__init_array_end = .)
                0x0000000008005780                . = ALIGN (0x4)

.fini_array     0x0000000008005780        0x4
                0x0000000008005780                . = ALIGN (0x4)
                0x0000000008005780                PROVIDE (__fini_array_start = .)
 *(SORT_BY_NAME(.fini_array.*))
 *(.fini_array*)
 .fini_array    0x0000000008005780        0x4 c:/st/stm32cubeide_1.7.0/stm32cubeide/plugins/com.st.stm32cube.ide.mcu.externaltools.gnu-tools-for-stm32.10.3-2021.10.win32_1.0.0.202111181127/tools/bin/../lib/gcc/arm-none-eabi/10.3.1/thumb/v6-m/nofp/crtbegin.o
                0x0000000008005784                PROVIDE (__fini_array_end = .)
                0x0000000008005784                . = ALIGN (0x4)
                0x0000000008005784                _sidata = LOADADDR (.data)

.data           0x0000000020000000      0x4ac load address 0x0000000008005784
                0x0000000020000000                . = ALIGN (0x4)
                0x0000000020000000                _sdata = .
 *(.data)
 *(.data*)
 .data.SmTransitionTable
                0x0000000020000000        0x9 ./Core/Src/SM.o
                0x0000000020000000                SmTransitionTable
 *fill*         0x0000000020000009        0x3 
 .data.SmFunctions
                0x000000002000000c        0xc ./Core/Src/SM.o
                0x000000002000000c                SmFunctions
 .data.SwTransitionTable
                0x0000000020000018       0x18 ./Core/Src/Switch.o
                0x0000000020000018                SwTransitionTable
 .data.SwFunctions
                0x0000000020000030       0x1c ./Core/Src/Switch.o
                0x0000000020000030                SwFunctions
 .data.RfpTransitionTable
                0x000000002000004c       0x12 ./Core/Src/rfp.o
 *fill*         0x000000002000005e        0x2 
 .data.RfpFunction
                0x0000000020000060       0x10 ./Core/Src/rfp.o
                0x0000000020000060                RfpFunction
 .data.SystemCoreClock
                0x0000000020000070        0x4 ./Core/Src/system_stm32g0xx.o
                0x0000000020000070                SystemCoreClock
 .data.uwTickPrio
                0x0000000020000074        0x4 ./Drivers/STM32G0xx_HAL_Driver/Src/stm32g0xx_hal.o
                0x0000000020000074                uwTickPrio
 .data.uwTickFreq
                0x0000000020000078        0x1 ./Drivers/STM32G0xx_HAL_Driver/Src/stm32g0xx_hal.o
                0x0000000020000078                uwTickFreq
 *fill*         0x0000000020000079        0x7 
 .data.impure_data
                0x0000000020000080      0x428 c:/st/stm32cubeide_1.7.0/stm32cubeide/plugins/com.st.stm32cube.ide.mcu.externaltools.gnu-tools-for-stm32.10.3-2021.10.win32_1.0.0.202111181127/tools/bin/../lib/gcc/arm-none-eabi/10.3.1/../../../../arm-none-eabi/lib/thumb/v6-m/nofp\libc.a(lib_a-impure.o)
 .data.__atexit_recursive_mutex
                0x00000000200004a8        0x4 c:/st/stm32cubeide_1.7.0/stm32cubeide/plugins/com.st.stm32cube.ide.mcu.externaltools.gnu-tools-for-stm32.10.3-2021.10.win32_1.0.0.202111181127/tools/bin/../lib/gcc/arm-none-eabi/10.3.1/../../../../arm-none-eabi/lib/thumb/v6-m/nofp\libc.a(lib_a-__call_atexit.o)
                0x00000000200004a8                __atexit_recursive_mutex
 *(.RamFunc)
 *(.RamFunc*)
                0x00000000200004ac                . = ALIGN (0x4)
                0x00000000200004ac                _edata = .

.igot.plt       0x00000000200004ac        0x0 load address 0x0000000008005c30
 .igot.plt      0x00000000200004ac        0x0 c:/st/stm32cubeide_1.7.0/stm32cubeide/plugins/com.st.stm32cube.ide.mcu.externaltools.gnu-tools-for-stm32.10.3-2021.10.win32_1.0.0.202111181127/tools/bin/../lib/gcc/arm-none-eabi/10.3.1/thumb/v6-m/nofp/crtbegin.o
                0x00000000200004ac                . = ALIGN (0x4)

.bss            0x00000000200004ac      0x2cc load address 0x0000000008005c30
                0x00000000200004ac                _sbss = .
                0x00000000200004ac                __bss_start__ = _sbss
 *(.bss)
 .bss           0x00000000200004ac       0x1c c:/st/stm32cubeide_1.7.0/stm32cubeide/plugins/com.st.stm32cube.ide.mcu.externaltools.gnu-tools-for-stm32.10.3-2021.10.win32_1.0.0.202111181127/tools/bin/../lib/gcc/arm-none-eabi/10.3.1/thumb/v6-m/nofp/crtbegin.o
 *(.bss*)
 .bss.Sm        0x00000000200004c8       0x14 ./Core/Src/SM.o
                0x00000000200004c8                Sm
 .bss.Sw        0x00000000200004dc        0xc ./Core/Src/SM.o
                0x00000000200004dc                Sw
 .bss.Rfp       0x00000000200004e8       0x10 ./Core/Src/SM.o
                0x00000000200004e8                Rfp
 .bss.Sw        0x00000000200004f8        0x4 ./Core/Src/Switch.o
 .bss.hadc1     0x00000000200004fc       0x64 ./Core/Src/adc.o
                0x00000000200004fc                hadc1
 .bss.hi2c1     0x0000000020000560       0x54 ./Core/Src/i2c.o
                0x0000000020000560                hi2c1
 .bss.RfpData   0x00000000200005b4       0x14 ./Core/Src/rfp.o
                0x00000000200005b4                RfpData
 .bss.Rfp       0x00000000200005c8        0x4 ./Core/Src/rfp.o
 .bss.RfpCommandFunction
                0x00000000200005cc        0xc ./Core/Src/rfp.o
                0x00000000200005cc                RfpCommandFunction
 .bss.RfpDataFunction
                0x00000000200005d8        0x4 ./Core/Src/rfp.o
                0x00000000200005d8                RfpDataFunction
 .bss.RfpMessageFunction
                0x00000000200005dc       0x10 ./Core/Src/rfp.o
                0x00000000200005dc                RfpMessageFunction
 .bss.hlpuart1  0x00000000200005ec       0x94 ./Core/Src/usart.o
                0x00000000200005ec                hlpuart1
 .bss.huart1    0x0000000020000680       0x94 ./Core/Src/usart.o
                0x0000000020000680                huart1
 .bss.hdma_usart1_rx
                0x0000000020000714       0x5c ./Core/Src/usart.o
                0x0000000020000714                hdma_usart1_rx
 .bss.uwTick    0x0000000020000770        0x4 ./Drivers/STM32G0xx_HAL_Driver/Src/stm32g0xx_hal.o
                0x0000000020000770                uwTick
 .bss.__lock___atexit_recursive_mutex
                0x0000000020000774        0x1 c:/st/stm32cubeide_1.7.0/stm32cubeide/plugins/com.st.stm32cube.ide.mcu.externaltools.gnu-tools-for-stm32.10.3-2021.10.win32_1.0.0.202111181127/tools/bin/../lib/gcc/arm-none-eabi/10.3.1/../../../../arm-none-eabi/lib/thumb/v6-m/nofp\libc.a(lib_a-lock.o)
                0x0000000020000774                __lock___atexit_recursive_mutex
 *(COMMON)
                0x0000000020000778                . = ALIGN (0x4)
 *fill*         0x0000000020000775        0x3 
                0x0000000020000778                _ebss = .
                0x0000000020000778                __bss_end__ = _ebss

._user_heap_stack
                0x0000000020000778      0xe00 load address 0x0000000008005c30
                0x0000000020000778                . = ALIGN (0x8)
                [!provide]                        PROVIDE (end = .)
                0x0000000020000778                PROVIDE (_end = .)
                0x0000000020000978                . = (. + _Min_Heap_Size)
 *fill*         0x0000000020000778      0x200 
                0x0000000020001578                . = (. + _Min_Stack_Size)
 *fill*         0x0000000020000978      0xc00 
                0x0000000020001578                . = ALIGN (0x8)

/DISCARD/
 libc.a(*)
 libm.a(*)
 libgcc.a(*)

.ARM.attributes
                0x0000000000000000       0x28
 *(.ARM.attributes)
 .ARM.attributes
                0x0000000000000000       0x1e c:/st/stm32cubeide_1.7.0/stm32cubeide/plugins/com.st.stm32cube.ide.mcu.externaltools.gnu-tools-for-stm32.10.3-2021.10.win32_1.0.0.202111181127/tools/bin/../lib/gcc/arm-none-eabi/10.3.1/thumb/v6-m/nofp/crti.o
 .ARM.attributes
                0x000000000000001e       0x2c c:/st/stm32cubeide_1.7.0/stm32cubeide/plugins/com.st.stm32cube.ide.mcu.externaltools.gnu-tools-for-stm32.10.3-2021.10.win32_1.0.0.202111181127/tools/bin/../lib/gcc/arm-none-eabi/10.3.1/thumb/v6-m/nofp/crtbegin.o
 .ARM.attributes
                0x000000000000004a       0x2c ./Core/Src/HC12.o
 .ARM.attributes
                0x0000000000000076       0x2c ./Core/Src/SM.o
 .ARM.attributes
                0x00000000000000a2       0x2c ./Core/Src/Switch.o
 .ARM.attributes
                0x00000000000000ce       0x2c ./Core/Src/adc.o
 .ARM.attributes
                0x00000000000000fa       0x2c ./Core/Src/crc.o
 .ARM.attributes
                0x0000000000000126       0x2c ./Core/Src/dma.o
 .ARM.attributes
                0x0000000000000152       0x2c ./Core/Src/gpio.o
 .ARM.attributes
                0x000000000000017e       0x2c ./Core/Src/i2c.o
 .ARM.attributes
                0x00000000000001aa       0x2c ./Core/Src/main.o
 .ARM.attributes
                0x00000000000001d6       0x2c ./Core/Src/rfp.o
 .ARM.attributes
                0x0000000000000202       0x2c ./Core/Src/stm32g0xx_hal_msp.o
 .ARM.attributes
                0x000000000000022e       0x2c ./Core/Src/stm32g0xx_it.o
 .ARM.attributes
                0x000000000000025a       0x2c ./Core/Src/system_stm32g0xx.o
 .ARM.attributes
                0x0000000000000286       0x2c ./Core/Src/usart.o
 .ARM.attributes
                0x00000000000002b2       0x22 ./Core/Startup/startup_stm32g051k8tx.o
 .ARM.attributes
                0x00000000000002d4       0x2c ./Drivers/STM32G0xx_HAL_Driver/Src/stm32g0xx_hal.o
 .ARM.attributes
                0x0000000000000300       0x2c ./Drivers/STM32G0xx_HAL_Driver/Src/stm32g0xx_hal_adc.o
 .ARM.attributes
                0x000000000000032c       0x2c ./Drivers/STM32G0xx_HAL_Driver/Src/stm32g0xx_hal_cortex.o
 .ARM.attributes
                0x0000000000000358       0x2c ./Drivers/STM32G0xx_HAL_Driver/Src/stm32g0xx_hal_dma.o
 .ARM.attributes
                0x0000000000000384       0x2c ./Drivers/STM32G0xx_HAL_Driver/Src/stm32g0xx_hal_gpio.o
 .ARM.attributes
                0x00000000000003b0       0x2c ./Drivers/STM32G0xx_HAL_Driver/Src/stm32g0xx_hal_i2c.o
 .ARM.attributes
                0x00000000000003dc       0x2c ./Drivers/STM32G0xx_HAL_Driver/Src/stm32g0xx_hal_i2c_ex.o
 .ARM.attributes
                0x0000000000000408       0x2c ./Drivers/STM32G0xx_HAL_Driver/Src/stm32g0xx_hal_pwr_ex.o
 .ARM.attributes
                0x0000000000000434       0x2c ./Drivers/STM32G0xx_HAL_Driver/Src/stm32g0xx_hal_rcc.o
 .ARM.attributes
                0x0000000000000460       0x2c ./Drivers/STM32G0xx_HAL_Driver/Src/stm32g0xx_hal_rcc_ex.o
 .ARM.attributes
                0x000000000000048c       0x2c ./Drivers/STM32G0xx_HAL_Driver/Src/stm32g0xx_hal_uart.o
 .ARM.attributes
                0x00000000000004b8       0x2c ./Drivers/STM32G0xx_HAL_Driver/Src/stm32g0xx_hal_uart_ex.o
 .ARM.attributes
                0x00000000000004e4       0x2c c:/st/stm32cubeide_1.7.0/stm32cubeide/plugins/com.st.stm32cube.ide.mcu.externaltools.gnu-tools-for-stm32.10.3-2021.10.win32_1.0.0.202111181127/tools/bin/../lib/gcc/arm-none-eabi/10.3.1/../../../../arm-none-eabi/lib/thumb/v6-m/nofp\libc.a(lib_a-impure.o)
 .ARM.attributes
                0x0000000000000510       0x2c c:/st/stm32cubeide_1.7.0/stm32cubeide/plugins/com.st.stm32cube.ide.mcu.externaltools.gnu-tools-for-stm32.10.3-2021.10.win32_1.0.0.202111181127/tools/bin/../lib/gcc/arm-none-eabi/10.3.1/../../../../arm-none-eabi/lib/thumb/v6-m/nofp\libc.a(lib_a-init.o)
 .ARM.attributes
                0x000000000000053c       0x2c c:/st/stm32cubeide_1.7.0/stm32cubeide/plugins/com.st.stm32cube.ide.mcu.externaltools.gnu-tools-for-stm32.10.3-2021.10.win32_1.0.0.202111181127/tools/bin/../lib/gcc/arm-none-eabi/10.3.1/../../../../arm-none-eabi/lib/thumb/v6-m/nofp\libc.a(lib_a-memset.o)
 .ARM.attributes
                0x0000000000000568       0x2c c:/st/stm32cubeide_1.7.0/stm32cubeide/plugins/com.st.stm32cube.ide.mcu.externaltools.gnu-tools-for-stm32.10.3-2021.10.win32_1.0.0.202111181127/tools/bin/../lib/gcc/arm-none-eabi/10.3.1/../../../../arm-none-eabi/lib/thumb/v6-m/nofp\libc.a(lib_a-__call_atexit.o)
 .ARM.attributes
                0x0000000000000594       0x2c c:/st/stm32cubeide_1.7.0/stm32cubeide/plugins/com.st.stm32cube.ide.mcu.externaltools.gnu-tools-for-stm32.10.3-2021.10.win32_1.0.0.202111181127/tools/bin/../lib/gcc/arm-none-eabi/10.3.1/../../../../arm-none-eabi/lib/thumb/v6-m/nofp\libc.a(lib_a-atexit.o)
 .ARM.attributes
                0x00000000000005c0       0x2c c:/st/stm32cubeide_1.7.0/stm32cubeide/plugins/com.st.stm32cube.ide.mcu.externaltools.gnu-tools-for-stm32.10.3-2021.10.win32_1.0.0.202111181127/tools/bin/../lib/gcc/arm-none-eabi/10.3.1/../../../../arm-none-eabi/lib/thumb/v6-m/nofp\libc.a(lib_a-fini.o)
 .ARM.attributes
                0x00000000000005ec       0x2c c:/st/stm32cubeide_1.7.0/stm32cubeide/plugins/com.st.stm32cube.ide.mcu.externaltools.gnu-tools-for-stm32.10.3-2021.10.win32_1.0.0.202111181127/tools/bin/../lib/gcc/arm-none-eabi/10.3.1/../../../../arm-none-eabi/lib/thumb/v6-m/nofp\libc.a(lib_a-lock.o)
 .ARM.attributes
                0x0000000000000618       0x2c c:/st/stm32cubeide_1.7.0/stm32cubeide/plugins/com.st.stm32cube.ide.mcu.externaltools.gnu-tools-for-stm32.10.3-2021.10.win32_1.0.0.202111181127/tools/bin/../lib/gcc/arm-none-eabi/10.3.1/../../../../arm-none-eabi/lib/thumb/v6-m/nofp\libc.a(lib_a-__atexit.o)
 .ARM.attributes
                0x0000000000000644       0x1e c:/st/stm32cubeide_1.7.0/stm32cubeide/plugins/com.st.stm32cube.ide.mcu.externaltools.gnu-tools-for-stm32.10.3-2021.10.win32_1.0.0.202111181127/tools/bin/../lib/gcc/arm-none-eabi/10.3.1/thumb/v6-m/nofp\libgcc.a(_udivsi3.o)
 .ARM.attributes
                0x0000000000000662       0x1e c:/st/stm32cubeide_1.7.0/stm32cubeide/plugins/com.st.stm32cube.ide.mcu.externaltools.gnu-tools-for-stm32.10.3-2021.10.win32_1.0.0.202111181127/tools/bin/../lib/gcc/arm-none-eabi/10.3.1/thumb/v6-m/nofp\libgcc.a(_divsi3.o)
 .ARM.attributes
                0x0000000000000680       0x1e c:/st/stm32cubeide_1.7.0/stm32cubeide/plugins/com.st.stm32cube.ide.mcu.externaltools.gnu-tools-for-stm32.10.3-2021.10.win32_1.0.0.202111181127/tools/bin/../lib/gcc/arm-none-eabi/10.3.1/thumb/v6-m/nofp\libgcc.a(_dvmd_tls.o)
 .ARM.attributes
                0x000000000000069e       0x1e c:/st/stm32cubeide_1.7.0/stm32cubeide/plugins/com.st.stm32cube.ide.mcu.externaltools.gnu-tools-for-stm32.10.3-2021.10.win32_1.0.0.202111181127/tools/bin/../lib/gcc/arm-none-eabi/10.3.1/thumb/v6-m/nofp\libgcc.a(_aeabi_uldivmod.o)
 .ARM.attributes
                0x00000000000006bc       0x2c c:/st/stm32cubeide_1.7.0/stm32cubeide/plugins/com.st.stm32cube.ide.mcu.externaltools.gnu-tools-for-stm32.10.3-2021.10.win32_1.0.0.202111181127/tools/bin/../lib/gcc/arm-none-eabi/10.3.1/thumb/v6-m/nofp\libgcc.a(_udivmoddi4.o)
 .ARM.attributes
                0x00000000000006e8       0x1e c:/st/stm32cubeide_1.7.0/stm32cubeide/plugins/com.st.stm32cube.ide.mcu.externaltools.gnu-tools-for-stm32.10.3-2021.10.win32_1.0.0.202111181127/tools/bin/../lib/gcc/arm-none-eabi/10.3.1/thumb/v6-m/nofp\libgcc.a(_clzdi2.o)
 .ARM.attributes
                0x0000000000000706       0x1e c:/st/stm32cubeide_1.7.0/stm32cubeide/plugins/com.st.stm32cube.ide.mcu.externaltools.gnu-tools-for-stm32.10.3-2021.10.win32_1.0.0.202111181127/tools/bin/../lib/gcc/arm-none-eabi/10.3.1/thumb/v6-m/nofp\libgcc.a(_clzsi2.o)
 .ARM.attributes
                0x0000000000000724       0x1e c:/st/stm32cubeide_1.7.0/stm32cubeide/plugins/com.st.stm32cube.ide.mcu.externaltools.gnu-tools-for-stm32.10.3-2021.10.win32_1.0.0.202111181127/tools/bin/../lib/gcc/arm-none-eabi/10.3.1/thumb/v6-m/nofp/crtn.o
OUTPUT(C2V1_OutDoorWeatherStation.elf elf32-littlearm)
LOAD linker stubs
LOAD c:/st/stm32cubeide_1.7.0/stm32cubeide/plugins/com.st.stm32cube.ide.mcu.externaltools.gnu-tools-for-stm32.10.3-2021.10.win32_1.0.0.202111181127/tools/bin/../lib/gcc/arm-none-eabi/10.3.1/../../../../arm-none-eabi/lib/thumb/v6-m/nofp\libc.a
LOAD c:/st/stm32cubeide_1.7.0/stm32cubeide/plugins/com.st.stm32cube.ide.mcu.externaltools.gnu-tools-for-stm32.10.3-2021.10.win32_1.0.0.202111181127/tools/bin/../lib/gcc/arm-none-eabi/10.3.1/../../../../arm-none-eabi/lib/thumb/v6-m/nofp\libm.a
LOAD c:/st/stm32cubeide_1.7.0/stm32cubeide/plugins/com.st.stm32cube.ide.mcu.externaltools.gnu-tools-for-stm32.10.3-2021.10.win32_1.0.0.202111181127/tools/bin/../lib/gcc/arm-none-eabi/10.3.1/thumb/v6-m/nofp\libgcc.a

.debug_info     0x0000000000000000    0x140df
 .debug_info    0x0000000000000000      0x99e ./Core/Src/HC12.o
 .debug_info    0x000000000000099e      0xf23 ./Core/Src/SM.o
 .debug_info    0x00000000000018c1      0x37e ./Core/Src/Switch.o
 .debug_info    0x0000000000001c3f      0xb6d ./Core/Src/adc.o
 .debug_info    0x00000000000027ac      0x1f5 ./Core/Src/crc.o
 .debug_info    0x00000000000029a1      0x275 ./Core/Src/dma.o
 .debug_info    0x0000000000002c16      0x431 ./Core/Src/gpio.o
 .debug_info    0x0000000000003047      0xbcb ./Core/Src/i2c.o
 .debug_info    0x0000000000003c12      0x492 ./Core/Src/main.o
 .debug_info    0x00000000000040a4      0x7b3 ./Core/Src/rfp.o
 .debug_info    0x0000000000004857      0x292 ./Core/Src/stm32g0xx_hal_msp.o
 .debug_info    0x0000000000004ae9      0x84d ./Core/Src/stm32g0xx_it.o
 .debug_info    0x0000000000005336      0x3f9 ./Core/Src/system_stm32g0xx.o
 .debug_info    0x000000000000572f      0xe1a ./Core/Src/usart.o
 .debug_info    0x0000000000006549       0x22 ./Core/Startup/startup_stm32g051k8tx.o
 .debug_info    0x000000000000656b      0xa9d ./Drivers/STM32G0xx_HAL_Driver/Src/stm32g0xx_hal.o
 .debug_info    0x0000000000007008     0x1602 ./Drivers/STM32G0xx_HAL_Driver/Src/stm32g0xx_hal_adc.o
 .debug_info    0x000000000000860a      0x8fd ./Drivers/STM32G0xx_HAL_Driver/Src/stm32g0xx_hal_cortex.o
 .debug_info    0x0000000000008f07      0x8ca ./Drivers/STM32G0xx_HAL_Driver/Src/stm32g0xx_hal_dma.o
 .debug_info    0x00000000000097d1      0x5e1 ./Drivers/STM32G0xx_HAL_Driver/Src/stm32g0xx_hal_gpio.o
 .debug_info    0x0000000000009db2     0x235f ./Drivers/STM32G0xx_HAL_Driver/Src/stm32g0xx_hal_i2c.o
 .debug_info    0x000000000000c111      0xa81 ./Drivers/STM32G0xx_HAL_Driver/Src/stm32g0xx_hal_i2c_ex.o
 .debug_info    0x000000000000cb92      0x7c3 ./Drivers/STM32G0xx_HAL_Driver/Src/stm32g0xx_hal_pwr_ex.o
 .debug_info    0x000000000000d355      0xb66 ./Drivers/STM32G0xx_HAL_Driver/Src/stm32g0xx_hal_rcc.o
 .debug_info    0x000000000000debb      0x80d ./Drivers/STM32G0xx_HAL_Driver/Src/stm32g0xx_hal_rcc_ex.o
 .debug_info    0x000000000000e6c8     0x49e3 ./Drivers/STM32G0xx_HAL_Driver/Src/stm32g0xx_hal_uart.o
 .debug_info    0x00000000000130ab     0x1034 ./Drivers/STM32G0xx_HAL_Driver/Src/stm32g0xx_hal_uart_ex.o

.debug_abbrev   0x0000000000000000     0x3278
 .debug_abbrev  0x0000000000000000      0x1c5 ./Core/Src/HC12.o
 .debug_abbrev  0x00000000000001c5      0x252 ./Core/Src/SM.o
 .debug_abbrev  0x0000000000000417      0x155 ./Core/Src/Switch.o
 .debug_abbrev  0x000000000000056c      0x1e4 ./Core/Src/adc.o
 .debug_abbrev  0x0000000000000750       0xed ./Core/Src/crc.o
 .debug_abbrev  0x000000000000083d       0xcd ./Core/Src/dma.o
 .debug_abbrev  0x000000000000090a      0x14a ./Core/Src/gpio.o
 .debug_abbrev  0x0000000000000a54      0x206 ./Core/Src/i2c.o
 .debug_abbrev  0x0000000000000c5a      0x1c9 ./Core/Src/main.o
 .debug_abbrev  0x0000000000000e23      0x219 ./Core/Src/rfp.o
 .debug_abbrev  0x000000000000103c       0xd8 ./Core/Src/stm32g0xx_hal_msp.o
 .debug_abbrev  0x0000000000001114      0x197 ./Core/Src/stm32g0xx_it.o
 .debug_abbrev  0x00000000000012ab      0x113 ./Core/Src/system_stm32g0xx.o
 .debug_abbrev  0x00000000000013be      0x22c ./Core/Src/usart.o
 .debug_abbrev  0x00000000000015ea       0x12 ./Core/Startup/startup_stm32g051k8tx.o
 .debug_abbrev  0x00000000000015fc      0x2a6 ./Drivers/STM32G0xx_HAL_Driver/Src/stm32g0xx_hal.o
 .debug_abbrev  0x00000000000018a2      0x269 ./Drivers/STM32G0xx_HAL_Driver/Src/stm32g0xx_hal_adc.o
 .debug_abbrev  0x0000000000001b0b      0x29c ./Drivers/STM32G0xx_HAL_Driver/Src/stm32g0xx_hal_cortex.o
 .debug_abbrev  0x0000000000001da7      0x207 ./Drivers/STM32G0xx_HAL_Driver/Src/stm32g0xx_hal_dma.o
 .debug_abbrev  0x0000000000001fae      0x1b6 ./Drivers/STM32G0xx_HAL_Driver/Src/stm32g0xx_hal_gpio.o
 .debug_abbrev  0x0000000000002164      0x27b ./Drivers/STM32G0xx_HAL_Driver/Src/stm32g0xx_hal_i2c.o
 .debug_abbrev  0x00000000000023df      0x1d4 ./Drivers/STM32G0xx_HAL_Driver/Src/stm32g0xx_hal_i2c_ex.o
 .debug_abbrev  0x00000000000025b3      0x22f ./Drivers/STM32G0xx_HAL_Driver/Src/stm32g0xx_hal_pwr_ex.o
 .debug_abbrev  0x00000000000027e2      0x2a0 ./Drivers/STM32G0xx_HAL_Driver/Src/stm32g0xx_hal_rcc.o
 .debug_abbrev  0x0000000000002a82      0x217 ./Drivers/STM32G0xx_HAL_Driver/Src/stm32g0xx_hal_rcc_ex.o
 .debug_abbrev  0x0000000000002c99      0x30d ./Drivers/STM32G0xx_HAL_Driver/Src/stm32g0xx_hal_uart.o
 .debug_abbrev  0x0000000000002fa6      0x2d2 ./Drivers/STM32G0xx_HAL_Driver/Src/stm32g0xx_hal_uart_ex.o

.debug_aranges  0x0000000000000000      0xff0
 .debug_aranges
                0x0000000000000000       0x38 ./Core/Src/HC12.o
 .debug_aranges
                0x0000000000000038       0x50 ./Core/Src/SM.o
 .debug_aranges
                0x0000000000000088       0x68 ./Core/Src/Switch.o
 .debug_aranges
                0x00000000000000f0       0x30 ./Core/Src/adc.o
 .debug_aranges
                0x0000000000000120       0x28 ./Core/Src/crc.o
 .debug_aranges
                0x0000000000000148       0x20 ./Core/Src/dma.o
 .debug_aranges
                0x0000000000000168       0x20 ./Core/Src/gpio.o
 .debug_aranges
                0x0000000000000188       0x30 ./Core/Src/i2c.o
 .debug_aranges
                0x00000000000001b8       0x38 ./Core/Src/main.o
 .debug_aranges
                0x00000000000001f0       0x80 ./Core/Src/rfp.o
 .debug_aranges
                0x0000000000000270       0x20 ./Core/Src/stm32g0xx_hal_msp.o
 .debug_aranges
                0x0000000000000290       0x50 ./Core/Src/stm32g0xx_it.o
 .debug_aranges
                0x00000000000002e0       0x28 ./Core/Src/system_stm32g0xx.o
 .debug_aranges
                0x0000000000000308       0x38 ./Core/Src/usart.o
 .debug_aranges
                0x0000000000000340       0x28 ./Core/Startup/startup_stm32g051k8tx.o
 .debug_aranges
                0x0000000000000368      0x128 ./Drivers/STM32G0xx_HAL_Driver/Src/stm32g0xx_hal.o
 .debug_aranges
                0x0000000000000490      0x1f0 ./Drivers/STM32G0xx_HAL_Driver/Src/stm32g0xx_hal_adc.o
 .debug_aranges
                0x0000000000000680       0xd8 ./Drivers/STM32G0xx_HAL_Driver/Src/stm32g0xx_hal_cortex.o
 .debug_aranges
                0x0000000000000758       0x90 ./Drivers/STM32G0xx_HAL_Driver/Src/stm32g0xx_hal_dma.o
 .debug_aranges
                0x00000000000007e8       0x60 ./Drivers/STM32G0xx_HAL_Driver/Src/stm32g0xx_hal_gpio.o
 .debug_aranges
                0x0000000000000848      0x2a0 ./Drivers/STM32G0xx_HAL_Driver/Src/stm32g0xx_hal_i2c.o
 .debug_aranges
                0x0000000000000ae8       0x48 ./Drivers/STM32G0xx_HAL_Driver/Src/stm32g0xx_hal_i2c_ex.o
 .debug_aranges
                0x0000000000000b30       0xf0 ./Drivers/STM32G0xx_HAL_Driver/Src/stm32g0xx_hal_pwr_ex.o
 .debug_aranges
                0x0000000000000c20       0xa0 ./Drivers/STM32G0xx_HAL_Driver/Src/stm32g0xx_hal_rcc.o
 .debug_aranges
                0x0000000000000cc0       0x40 ./Drivers/STM32G0xx_HAL_Driver/Src/stm32g0xx_hal_rcc_ex.o
 .debug_aranges
                0x0000000000000d00      0x248 ./Drivers/STM32G0xx_HAL_Driver/Src/stm32g0xx_hal_uart.o
 .debug_aranges
                0x0000000000000f48       0xa8 ./Drivers/STM32G0xx_HAL_Driver/Src/stm32g0xx_hal_uart_ex.o

.debug_ranges   0x0000000000000000      0xe78
 .debug_ranges  0x0000000000000000       0x28 ./Core/Src/HC12.o
 .debug_ranges  0x0000000000000028       0x40 ./Core/Src/SM.o
 .debug_ranges  0x0000000000000068       0x58 ./Core/Src/Switch.o
 .debug_ranges  0x00000000000000c0       0x20 ./Core/Src/adc.o
 .debug_ranges  0x00000000000000e0       0x18 ./Core/Src/crc.o
 .debug_ranges  0x00000000000000f8       0x10 ./Core/Src/dma.o
 .debug_ranges  0x0000000000000108       0x10 ./Core/Src/gpio.o
 .debug_ranges  0x0000000000000118       0x20 ./Core/Src/i2c.o
 .debug_ranges  0x0000000000000138       0x28 ./Core/Src/main.o
 .debug_ranges  0x0000000000000160       0x70 ./Core/Src/rfp.o
 .debug_ranges  0x00000000000001d0       0x10 ./Core/Src/stm32g0xx_hal_msp.o
 .debug_ranges  0x00000000000001e0       0x40 ./Core/Src/stm32g0xx_it.o
 .debug_ranges  0x0000000000000220       0x18 ./Core/Src/system_stm32g0xx.o
 .debug_ranges  0x0000000000000238       0x28 ./Core/Src/usart.o
 .debug_ranges  0x0000000000000260       0x20 ./Core/Startup/startup_stm32g051k8tx.o
 .debug_ranges  0x0000000000000280      0x118 ./Drivers/STM32G0xx_HAL_Driver/Src/stm32g0xx_hal.o
 .debug_ranges  0x0000000000000398      0x1e0 ./Drivers/STM32G0xx_HAL_Driver/Src/stm32g0xx_hal_adc.o
 .debug_ranges  0x0000000000000578       0xc8 ./Drivers/STM32G0xx_HAL_Driver/Src/stm32g0xx_hal_cortex.o
 .debug_ranges  0x0000000000000640       0x80 ./Drivers/STM32G0xx_HAL_Driver/Src/stm32g0xx_hal_dma.o
 .debug_ranges  0x00000000000006c0       0x50 ./Drivers/STM32G0xx_HAL_Driver/Src/stm32g0xx_hal_gpio.o
 .debug_ranges  0x0000000000000710      0x290 ./Drivers/STM32G0xx_HAL_Driver/Src/stm32g0xx_hal_i2c.o
 .debug_ranges  0x00000000000009a0       0x38 ./Drivers/STM32G0xx_HAL_Driver/Src/stm32g0xx_hal_i2c_ex.o
 .debug_ranges  0x00000000000009d8       0xe0 ./Drivers/STM32G0xx_HAL_Driver/Src/stm32g0xx_hal_pwr_ex.o
 .debug_ranges  0x0000000000000ab8       0x90 ./Drivers/STM32G0xx_HAL_Driver/Src/stm32g0xx_hal_rcc.o
 .debug_ranges  0x0000000000000b48       0x30 ./Drivers/STM32G0xx_HAL_Driver/Src/stm32g0xx_hal_rcc_ex.o
 .debug_ranges  0x0000000000000b78      0x268 ./Drivers/STM32G0xx_HAL_Driver/Src/stm32g0xx_hal_uart.o
 .debug_ranges  0x0000000000000de0       0x98 ./Drivers/STM32G0xx_HAL_Driver/Src/stm32g0xx_hal_uart_ex.o

.debug_line     0x0000000000000000     0xebde
 .debug_line    0x0000000000000000      0x31a ./Core/Src/HC12.o
 .debug_line    0x000000000000031a      0x3f5 ./Core/Src/SM.o
 .debug_line    0x000000000000070f      0x36e ./Core/Src/Switch.o
 .debug_line    0x0000000000000a7d      0x366 ./Core/Src/adc.o
 .debug_line    0x0000000000000de3      0x2c9 ./Core/Src/crc.o
 .debug_line    0x00000000000010ac      0x244 ./Core/Src/dma.o
 .debug_line    0x00000000000012f0      0x29c ./Core/Src/gpio.o
 .debug_line    0x000000000000158c      0x38b ./Core/Src/i2c.o
 .debug_line    0x0000000000001917      0x3c0 ./Core/Src/main.o
 .debug_line    0x0000000000001cd7      0x57d ./Core/Src/rfp.o
 .debug_line    0x0000000000002254      0x253 ./Core/Src/stm32g0xx_hal_msp.o
 .debug_line    0x00000000000024a7      0x32f ./Core/Src/stm32g0xx_it.o
 .debug_line    0x00000000000027d6      0x319 ./Core/Src/system_stm32g0xx.o
 .debug_line    0x0000000000002aef      0x477 ./Core/Src/usart.o
 .debug_line    0x0000000000002f66       0x89 ./Core/Startup/startup_stm32g051k8tx.o
 .debug_line    0x0000000000002fef      0x6a3 ./Drivers/STM32G0xx_HAL_Driver/Src/stm32g0xx_hal.o
 .debug_line    0x0000000000003692     0x1461 ./Drivers/STM32G0xx_HAL_Driver/Src/stm32g0xx_hal_adc.o
 .debug_line    0x0000000000004af3      0x6db ./Drivers/STM32G0xx_HAL_Driver/Src/stm32g0xx_hal_cortex.o
 .debug_line    0x00000000000051ce      0x8e8 ./Drivers/STM32G0xx_HAL_Driver/Src/stm32g0xx_hal_dma.o
 .debug_line    0x0000000000005ab6      0x6a2 ./Drivers/STM32G0xx_HAL_Driver/Src/stm32g0xx_hal_gpio.o
 .debug_line    0x0000000000006158     0x3280 ./Drivers/STM32G0xx_HAL_Driver/Src/stm32g0xx_hal_i2c.o
 .debug_line    0x00000000000093d8      0x4c0 ./Drivers/STM32G0xx_HAL_Driver/Src/stm32g0xx_hal_i2c_ex.o
 .debug_line    0x0000000000009898      0x65d ./Drivers/STM32G0xx_HAL_Driver/Src/stm32g0xx_hal_pwr_ex.o
 .debug_line    0x0000000000009ef5      0xac5 ./Drivers/STM32G0xx_HAL_Driver/Src/stm32g0xx_hal_rcc.o
 .debug_line    0x000000000000a9ba      0x83d ./Drivers/STM32G0xx_HAL_Driver/Src/stm32g0xx_hal_rcc_ex.o
 .debug_line    0x000000000000b1f7     0x3037 ./Drivers/STM32G0xx_HAL_Driver/Src/stm32g0xx_hal_uart.o
 .debug_line    0x000000000000e22e      0x9b0 ./Drivers/STM32G0xx_HAL_Driver/Src/stm32g0xx_hal_uart_ex.o

.debug_str      0x0000000000000000     0x4e3a
 .debug_str     0x0000000000000000      0x785 ./Core/Src/HC12.o
                                        0x849 (size before relaxing)
 .debug_str     0x0000000000000785      0x6de ./Core/Src/SM.o
                                        0xe64 (size before relaxing)
 .debug_str     0x0000000000000e63      0x103 ./Core/Src/Switch.o
                                        0x46f (size before relaxing)
 .debug_str     0x0000000000000f66      0x3e3 ./Core/Src/adc.o
                                        0x91b (size before relaxing)
 .debug_str     0x0000000000001349       0x51 ./Core/Src/crc.o
                                        0x233 (size before relaxing)
 .debug_str     0x000000000000139a       0x1e ./Core/Src/dma.o
                                        0x2a5 (size before relaxing)
 .debug_str     0x00000000000013b8       0x20 ./Core/Src/gpio.o
                                        0x372 (size before relaxing)
 .debug_str     0x00000000000013d8      0x422 ./Core/Src/i2c.o
                                        0xa87 (size before relaxing)
 .debug_str     0x00000000000017fa      0x3c2 ./Core/Src/main.o
                                        0x612 (size before relaxing)
 .debug_str     0x0000000000001bbc      0x254 ./Core/Src/rfp.o
                                        0x796 (size before relaxing)
 .debug_str     0x0000000000001e10       0x2c ./Core/Src/stm32g0xx_hal_msp.o
                                        0x2b3 (size before relaxing)
 .debug_str     0x0000000000001e3c       0xd1 ./Core/Src/stm32g0xx_it.o
                                        0x7d4 (size before relaxing)
 .debug_str     0x0000000000001f0d       0xb3 ./Core/Src/system_stm32g0xx.o
                                        0x333 (size before relaxing)
 .debug_str     0x0000000000001fc0       0xe1 ./Core/Src/usart.o
                                        0xca3 (size before relaxing)
 .debug_str     0x00000000000020a1       0x36 ./Core/Startup/startup_stm32g051k8tx.o
                                         0x8d (size before relaxing)
 .debug_str     0x00000000000020d7      0x48e ./Drivers/STM32G0xx_HAL_Driver/Src/stm32g0xx_hal.o
                                        0x9aa (size before relaxing)
 .debug_str     0x0000000000002565      0x7d5 ./Drivers/STM32G0xx_HAL_Driver/Src/stm32g0xx_hal_adc.o
                                        0xfc2 (size before relaxing)
 .debug_str     0x0000000000002d3a      0x2f3 ./Drivers/STM32G0xx_HAL_Driver/Src/stm32g0xx_hal_cortex.o
                                        0x77e (size before relaxing)
 .debug_str     0x000000000000302d      0x259 ./Drivers/STM32G0xx_HAL_Driver/Src/stm32g0xx_hal_dma.o
                                        0x7a8 (size before relaxing)
 .debug_str     0x0000000000003286      0x12b ./Drivers/STM32G0xx_HAL_Driver/Src/stm32g0xx_hal_gpio.o
                                        0x431 (size before relaxing)
 .debug_str     0x00000000000033b1      0x899 ./Drivers/STM32G0xx_HAL_Driver/Src/stm32g0xx_hal_i2c.o
                                       0x10dc (size before relaxing)
 .debug_str     0x0000000000003c4a       0xb8 ./Drivers/STM32G0xx_HAL_Driver/Src/stm32g0xx_hal_i2c_ex.o
                                        0x977 (size before relaxing)
 .debug_str     0x0000000000003d02      0x3e4 ./Drivers/STM32G0xx_HAL_Driver/Src/stm32g0xx_hal_pwr_ex.o
                                        0x6c9 (size before relaxing)
 .debug_str     0x00000000000040e6      0x1de ./Drivers/STM32G0xx_HAL_Driver/Src/stm32g0xx_hal_rcc.o
                                        0x7b6 (size before relaxing)
 .debug_str     0x00000000000042c4      0x116 ./Drivers/STM32G0xx_HAL_Driver/Src/stm32g0xx_hal_rcc_ex.o
                                        0x642 (size before relaxing)
 .debug_str     0x00000000000043da      0x82b ./Drivers/STM32G0xx_HAL_Driver/Src/stm32g0xx_hal_uart.o
                                       0x1170 (size before relaxing)
 .debug_str     0x0000000000004c05      0x235 ./Drivers/STM32G0xx_HAL_Driver/Src/stm32g0xx_hal_uart_ex.o
                                        0xb76 (size before relaxing)

.comment        0x0000000000000000       0x50
 .comment       0x0000000000000000       0x50 ./Core/Src/HC12.o
                                         0x51 (size before relaxing)
 .comment       0x0000000000000050       0x51 ./Core/Src/SM.o
 .comment       0x0000000000000050       0x51 ./Core/Src/Switch.o
 .comment       0x0000000000000050       0x51 ./Core/Src/adc.o
 .comment       0x0000000000000050       0x51 ./Core/Src/crc.o
 .comment       0x0000000000000050       0x51 ./Core/Src/dma.o
 .comment       0x0000000000000050       0x51 ./Core/Src/gpio.o
 .comment       0x0000000000000050       0x51 ./Core/Src/i2c.o
 .comment       0x0000000000000050       0x51 ./Core/Src/main.o
 .comment       0x0000000000000050       0x51 ./Core/Src/rfp.o
 .comment       0x0000000000000050       0x51 ./Core/Src/stm32g0xx_hal_msp.o
 .comment       0x0000000000000050       0x51 ./Core/Src/stm32g0xx_it.o
 .comment       0x0000000000000050       0x51 ./Core/Src/system_stm32g0xx.o
 .comment       0x0000000000000050       0x51 ./Core/Src/usart.o
 .comment       0x0000000000000050       0x51 ./Drivers/STM32G0xx_HAL_Driver/Src/stm32g0xx_hal.o
 .comment       0x0000000000000050       0x51 ./Drivers/STM32G0xx_HAL_Driver/Src/stm32g0xx_hal_adc.o
 .comment       0x0000000000000050       0x51 ./Drivers/STM32G0xx_HAL_Driver/Src/stm32g0xx_hal_cortex.o
 .comment       0x0000000000000050       0x51 ./Drivers/STM32G0xx_HAL_Driver/Src/stm32g0xx_hal_dma.o
 .comment       0x0000000000000050       0x51 ./Drivers/STM32G0xx_HAL_Driver/Src/stm32g0xx_hal_gpio.o
 .comment       0x0000000000000050       0x51 ./Drivers/STM32G0xx_HAL_Driver/Src/stm32g0xx_hal_i2c.o
 .comment       0x0000000000000050       0x51 ./Drivers/STM32G0xx_HAL_Driver/Src/stm32g0xx_hal_i2c_ex.o
 .comment       0x0000000000000050       0x51 ./Drivers/STM32G0xx_HAL_Driver/Src/stm32g0xx_hal_pwr_ex.o
 .comment       0x0000000000000050       0x51 ./Drivers/STM32G0xx_HAL_Driver/Src/stm32g0xx_hal_rcc.o
 .comment       0x0000000000000050       0x51 ./Drivers/STM32G0xx_HAL_Driver/Src/stm32g0xx_hal_rcc_ex.o
 .comment       0x0000000000000050       0x51 ./Drivers/STM32G0xx_HAL_Driver/Src/stm32g0xx_hal_uart.o
 .comment       0x0000000000000050       0x51 ./Drivers/STM32G0xx_HAL_Driver/Src/stm32g0xx_hal_uart_ex.o

.debug_frame    0x0000000000000000     0x3864
 .debug_frame   0x0000000000000000       0x88 ./Core/Src/HC12.o
 .debug_frame   0x0000000000000088       0xe0 ./Core/Src/SM.o
 .debug_frame   0x0000000000000168      0x130 ./Core/Src/Switch.o
 .debug_frame   0x0000000000000298       0x70 ./Core/Src/adc.o
 .debug_frame   0x0000000000000308       0x50 ./Core/Src/crc.o
 .debug_frame   0x0000000000000358       0x30 ./Core/Src/dma.o
 .debug_frame   0x0000000000000388       0x30 ./Core/Src/gpio.o
 .debug_frame   0x00000000000003b8       0x6c ./Core/Src/i2c.o
 .debug_frame   0x0000000000000424       0x84 ./Core/Src/main.o
 .debug_frame   0x00000000000004a8      0x1a0 ./Core/Src/rfp.o
 .debug_frame   0x0000000000000648       0x30 ./Core/Src/stm32g0xx_hal_msp.o
 .debug_frame   0x0000000000000678       0xd4 ./Core/Src/stm32g0xx_it.o
 .debug_frame   0x000000000000074c       0x4c ./Core/Src/system_stm32g0xx.o
 .debug_frame   0x0000000000000798       0x88 ./Core/Src/usart.o
 .debug_frame   0x0000000000000820      0x3fc ./Drivers/STM32G0xx_HAL_Driver/Src/stm32g0xx_hal.o
 .debug_frame   0x0000000000000c1c      0x78c ./Drivers/STM32G0xx_HAL_Driver/Src/stm32g0xx_hal_adc.o
 .debug_frame   0x00000000000013a8      0x2fc ./Drivers/STM32G0xx_HAL_Driver/Src/stm32g0xx_hal_cortex.o
 .debug_frame   0x00000000000016a4      0x1f0 ./Drivers/STM32G0xx_HAL_Driver/Src/stm32g0xx_hal_dma.o
 .debug_frame   0x0000000000001894      0x130 ./Drivers/STM32G0xx_HAL_Driver/Src/stm32g0xx_hal_gpio.o
 .debug_frame   0x00000000000019c4      0xa64 ./Drivers/STM32G0xx_HAL_Driver/Src/stm32g0xx_hal_i2c.o
 .debug_frame   0x0000000000002428       0xd0 ./Drivers/STM32G0xx_HAL_Driver/Src/stm32g0xx_hal_i2c_ex.o
 .debug_frame   0x00000000000024f8      0x32c ./Drivers/STM32G0xx_HAL_Driver/Src/stm32g0xx_hal_pwr_ex.o
 .debug_frame   0x0000000000002824      0x214 ./Drivers/STM32G0xx_HAL_Driver/Src/stm32g0xx_hal_rcc.o
 .debug_frame   0x0000000000002a38       0xb0 ./Drivers/STM32G0xx_HAL_Driver/Src/stm32g0xx_hal_rcc_ex.o
 .debug_frame   0x0000000000002ae8      0x8d8 ./Drivers/STM32G0xx_HAL_Driver/Src/stm32g0xx_hal_uart.o
 .debug_frame   0x00000000000033c0      0x25c ./Drivers/STM32G0xx_HAL_Driver/Src/stm32g0xx_hal_uart_ex.o
 .debug_frame   0x000000000000361c       0x2c c:/st/stm32cubeide_1.7.0/stm32cubeide/plugins/com.st.stm32cube.ide.mcu.externaltools.gnu-tools-for-stm32.10.3-2021.10.win32_1.0.0.202111181127/tools/bin/../lib/gcc/arm-none-eabi/10.3.1/../../../../arm-none-eabi/lib/thumb/v6-m/nofp\libc.a(lib_a-init.o)
 .debug_frame   0x0000000000003648       0x20 c:/st/stm32cubeide_1.7.0/stm32cubeide/plugins/com.st.stm32cube.ide.mcu.externaltools.gnu-tools-for-stm32.10.3-2021.10.win32_1.0.0.202111181127/tools/bin/../lib/gcc/arm-none-eabi/10.3.1/../../../../arm-none-eabi/lib/thumb/v6-m/nofp\libc.a(lib_a-memset.o)
 .debug_frame   0x0000000000003668       0x48 c:/st/stm32cubeide_1.7.0/stm32cubeide/plugins/com.st.stm32cube.ide.mcu.externaltools.gnu-tools-for-stm32.10.3-2021.10.win32_1.0.0.202111181127/tools/bin/../lib/gcc/arm-none-eabi/10.3.1/../../../../arm-none-eabi/lib/thumb/v6-m/nofp\libc.a(lib_a-__call_atexit.o)
 .debug_frame   0x00000000000036b0       0x28 c:/st/stm32cubeide_1.7.0/stm32cubeide/plugins/com.st.stm32cube.ide.mcu.externaltools.gnu-tools-for-stm32.10.3-2021.10.win32_1.0.0.202111181127/tools/bin/../lib/gcc/arm-none-eabi/10.3.1/../../../../arm-none-eabi/lib/thumb/v6-m/nofp\libc.a(lib_a-atexit.o)
 .debug_frame   0x00000000000036d8       0x2c c:/st/stm32cubeide_1.7.0/stm32cubeide/plugins/com.st.stm32cube.ide.mcu.externaltools.gnu-tools-for-stm32.10.3-2021.10.win32_1.0.0.202111181127/tools/bin/../lib/gcc/arm-none-eabi/10.3.1/../../../../arm-none-eabi/lib/thumb/v6-m/nofp\libc.a(lib_a-fini.o)
 .debug_frame   0x0000000000003704       0xb0 c:/st/stm32cubeide_1.7.0/stm32cubeide/plugins/com.st.stm32cube.ide.mcu.externaltools.gnu-tools-for-stm32.10.3-2021.10.win32_1.0.0.202111181127/tools/bin/../lib/gcc/arm-none-eabi/10.3.1/../../../../arm-none-eabi/lib/thumb/v6-m/nofp\libc.a(lib_a-lock.o)
 .debug_frame   0x00000000000037b4       0x34 c:/st/stm32cubeide_1.7.0/stm32cubeide/plugins/com.st.stm32cube.ide.mcu.externaltools.gnu-tools-for-stm32.10.3-2021.10.win32_1.0.0.202111181127/tools/bin/../lib/gcc/arm-none-eabi/10.3.1/../../../../arm-none-eabi/lib/thumb/v6-m/nofp\libc.a(lib_a-__atexit.o)
 .debug_frame   0x00000000000037e8       0x20 c:/st/stm32cubeide_1.7.0/stm32cubeide/plugins/com.st.stm32cube.ide.mcu.externaltools.gnu-tools-for-stm32.10.3-2021.10.win32_1.0.0.202111181127/tools/bin/../lib/gcc/arm-none-eabi/10.3.1/thumb/v6-m/nofp\libgcc.a(_udivsi3.o)
 .debug_frame   0x0000000000003808       0x20 c:/st/stm32cubeide_1.7.0/stm32cubeide/plugins/com.st.stm32cube.ide.mcu.externaltools.gnu-tools-for-stm32.10.3-2021.10.win32_1.0.0.202111181127/tools/bin/../lib/gcc/arm-none-eabi/10.3.1/thumb/v6-m/nofp\libgcc.a(_divsi3.o)
 .debug_frame   0x0000000000003828       0x3c c:/st/stm32cubeide_1.7.0/stm32cubeide/plugins/com.st.stm32cube.ide.mcu.externaltools.gnu-tools-for-stm32.10.3-2021.10.win32_1.0.0.202111181127/tools/bin/../lib/gcc/arm-none-eabi/10.3.1/thumb/v6-m/nofp\libgcc.a(_udivmoddi4.o)
